   Compiling cfg-if v1.0.4
   Compiling memchr v2.8.3
   Compiling typenum v1.20.1
   Compiling hashbrown v0.16.1
   Compiling equivalent v1.0.2
   Compiling once_cell v1.21.4
   Compiling itoa v1.0.18
   Compiling bitflags v2.13.2
   Compiling quote v1.0.47
   Compiling serde_core v1.0.229
   Compiling serde v1.0.229
   Compiling libc v0.2.189
   Compiling thiserror v2.0.21
   Compiling zerocopy v0.8.56
   Compiling simd-adler32 v0.3.10
   Compiling num-traits v0.2.19
   Compiling libm v0.2.16
   Compiling zmij v1.0.23
   Compiling generic-array v0.14.7
   Compiling adler2 v2.0.1
   Compiling crc32fast v1.5.1
   Compiling rustversion v1.0.23
   Compiling getrandom v0.3.4
   Compiling zlib-rs v0.6.8
   Compiling simdutf8 v0.1.5
   Compiling ryu v1.0.23
   Compiling bytes v1.12.1
   Compiling rustix v1.1.5
   Compiling ahash v0.8.12
   Compiling miniz_oxide v0.9.1
   Compiling const-oid v0.10.2
   Compiling iana-time-zone v0.1.65
   Compiling arrow-schema v59.3.0
   Compiling linux-raw-sys v0.12.1
   Compiling cpufeatures v0.2.17
   Compiling io-lifetimes v2.0.4
   Compiling syn v3.0.4
   Compiling syn v2.0.119
   Compiling hybrid-array v0.4.14
   Compiling cpufeatures v0.3.1
   Compiling hashbrown v0.17.1
   Compiling alloc-no-stdlib v2.0.4
   Compiling log v0.4.34
   Compiling flatbuffers v25.12.19
   Compiling snap v1.1.2
   Compiling alloc-stdlib v0.2.4
   Compiling io-extras v0.18.4
   Compiling zopfli v0.8.3
   Compiling aho-corasick v1.1.5
   Compiling regex-syntax v0.8.11
   Compiling toml_write v0.1.2
   Compiling block-buffer v0.10.4
   Compiling crypto-common v0.1.7
   Compiling crypto-common v0.2.2
   Compiling jobserver v0.1.35
   Compiling block-buffer v0.12.1
   Compiling num-integer v0.1.47
   Compiling num-complex v0.4.6
   Compiling chrono v0.4.45
   Compiling brotli-decompressor v5.0.1
   Compiling core_detect v1.0.0
   Compiling digest v0.10.7
   Compiling winnow v0.7.15
   Compiling scopeguard v1.2.0
   Compiling utf8parse v0.2.2
   Compiling cc v1.4.4
   Compiling num-bigint v0.5.1
   Compiling twox-hash v2.1.4
   Compiling indexmap v2.13.1
   Compiling tinyvec_macros v0.1.1
   Compiling anstyle-parse v0.2.7
   Compiling digest v0.11.3
   Compiling flate2 v1.1.10
   Compiling sha2 v0.10.9
   Compiling brotli v8.0.4
   Compiling tinyvec v1.12.0
   Compiling lz4_flex v0.14.0
   Compiling cap-primitives v3.4.6
   Compiling sha2 v0.11.0
   Compiling encoding_rs v0.8.42
   Compiling regex-automata v0.4.18
   Compiling csv-core v0.1.13
   Compiling tracing-core v0.1.36
   Compiling ipnet v2.12.2
   Compiling is_terminal_polyfill v1.70.2
   Compiling base64 v0.23.1
   Compiling serde_json v1.0.151
   Compiling fs-set-times v0.20.3
   Compiling rustix-linux-procfs v0.1.1
   Compiling libyaml-rs v0.3.0
   Compiling anstyle-query v1.1.5
   Compiling ambient-authority v0.0.2
   Compiling pin-project-lite v0.2.17
   Compiling serde_derive v1.0.229
   Compiling thiserror-impl v2.0.21
   Compiling anstyle v1.0.14
   Compiling colorchoice v1.0.5
   Compiling maybe-owned v0.3.4
   Compiling displaydoc v0.2.7
   Compiling zip v2.4.2
   Compiling csv v1.4.0
   Compiling cap-std v3.4.6
   Compiling unicode-normalization v0.1.25
   Compiling serde_ignored v0.1.14
   Compiling libloading v0.8.9
   Compiling anstream v0.6.21
   Compiling debug_unsafe v0.1.4
   Compiling clap_lex v0.7.7
   Compiling typed-path v0.12.3
   Compiling strsim v0.11.1
   Compiling zstd-sys v2.0.13+zstd.1.5.6
   Compiling n4m v0.4.0
   Compiling anyhow v1.0.104
   Compiling atoi_simd v0.18.1
   Compiling getrandom v0.4.3
   Compiling regex v1.13.1
   Compiling same-file v1.0.6
   Compiling uuid v1.26.1
   Compiling fnv v1.0.7
   Compiling clap_builder v4.5.53
   Compiling byteorder v1.5.0
   Compiling web-time v1.1.0
   Compiling fast-float2 v0.2.4
   Compiling glob v0.3.4
   Compiling zip v8.6.0
   Compiling cfb v0.15.0
   Compiling zerocopy-derive v0.8.56
   Compiling tracing-attributes v0.1.31
   Compiling clap_derive v4.5.49
   Compiling quick-xml v0.42.0
   Compiling unsafe-libyaml v0.2.11
   Compiling fastrand v2.5.0
   Compiling nirs4all v0.4.3
   Compiling codepage v0.1.3
   Compiling quick-xml v0.41.0
   Compiling tempfile v3.27.0
   Compiling tracing v0.1.44
   Compiling toml_datetime v0.6.11
   Compiling serde_spanned v0.6.9
   Compiling dag-ml-data-core v0.2.13
   Compiling yaml_serde v0.10.7
   Compiling nirs4all-formats-core v0.2.11
   Compiling calamine v0.36.1
   Compiling serde_yaml v0.9.34+deprecated
   Compiling clap v4.5.53
   Compiling toml_edit v0.22.27
   Compiling dag-ml-core v0.3.37
   Compiling dag-ml-core v0.3.41 (/home/delete/nirs4all/_worktrees/2026-10-07-dag-metric-validation/crates/dag-ml-core)
   Compiling nirs4all-formats v0.2.11
   Compiling toml v0.8.23
   Compiling nirs4all-io-core v0.2.5
   Compiling half v2.7.1
   Compiling arrow-buffer v59.3.0
   Compiling zstd-safe v7.2.1
   Compiling arrow-data v59.3.0
   Compiling zstd v0.13.3
   Compiling arrow-array v59.3.0
   Compiling dag-ml-data v0.2.13
   Compiling dag-ml-data-provider v0.2.13
   Compiling arrow-select v59.3.0
   Compiling arrow-ipc v59.3.0
   Compiling parquet v59.3.0
   Compiling nirs4all-io v0.2.5
   Compiling dag-ml-results v0.3.37
   Compiling nirs4all-io-dagml v0.2.5
   Compiling dag-ml v0.3.37
    Finished `test` profile [unoptimized] target(s) in 1m 11s
     Running unittests src/lib.rs (/mnt/c/Temp/n4a-dag041-20261008/target/debug/deps/dag_ml_core-63327bfbcda8bdfd)
     Running tests/bug_audit_regressions.rs (/mnt/c/Temp/n4a-dag041-20261008/target/debug/deps/bug_audit_regressions-84215bf98d807070)
     Running tests/bug_reaudit_regressions.rs (/mnt/c/Temp/n4a-dag041-20261008/target/debug/deps/bug_reaudit_regressions-fb5ddffee712697f)
     Running tests/conformal_w0_golden.rs (/mnt/c/Temp/n4a-dag041-20261008/target/debug/deps/conformal_w0_golden-95ba1502ec9c20e2)
     Running tests/host_hpo_parallel_browser_refusal.rs (/mnt/c/Temp/n4a-dag041-20261008/target/debug/deps/host_hpo_parallel_browser_refusal-8dd5aefd749f77eb)
     Running tests/multi_output_ranked_capture.rs (/mnt/c/Temp/n4a-dag041-20261008/target/debug/deps/multi_output_ranked_capture-71b752439de20ac4)
     Running tests/residual_target_contract.rs (/mnt/c/Temp/n4a-dag041-20261008/target/debug/deps/residual_target_contract-4bb30569e283000a)
     Running tests/training_runtime_operation.rs (/mnt/c/Temp/n4a-dag041-20261008/target/debug/deps/training_runtime_operation-b5fc4263655948ce)
   Doc-tests dag_ml_core
