
running 837 tests
test aggregation::tests::cross_fold_reduction_rejects_within_fold_duplicate_and_non_finite ... ok
test aggregation::tests::per_branch_proba_mean_pads_missing_class_and_joins_by_sample_id ... ok
test aggregation::tests::refuses_missing_observation_relation ... ok
test aggregation::tests::custom_aggregation_controller_result_must_echo_reduction_plan ... ok
test aggregation::tests::cross_fold_reduction_concats_disjoint_and_averages_shared ... ok
test aggregation::tests::cross_branch_reduction_averages_only_covering_branches ... ok
test aggregation::tests::per_branch_weighted_mean_aligns_sample_ids_and_requires_complete_models ... ok
test aggregation::tests::refuses_incompatible_observation_weight_contracts ... ok
test aggregation::tests::exclude_outliers_passes_through_single_repetition ... ok
test aggregation::tests::robust_mean_trims_extreme_repeated_predictions ... ok
test aggregation::tests::custom_aggregation_controller_result_refuses_order_mismatch ... ok
test aggregation::tests::exclude_outliers_drops_hotelling_t2_extreme_repetition ... ok
test aggregation::tests::exclude_outliers_keeps_small_or_constant_repetition_sets ... ok
test aggregation::tests::proba_mean_fusion_averages_and_renormalizes_class_probabilities ... ok
test aggregation::tests::validates_custom_observation_aggregation_controller_result ... ok
test aggregation::tests::averages_repeated_observation_predictions_by_sample ... ok
test aggregation::tests::aggregates_relation_backed_combo_predictions_by_sample ... ok
test aggregation::tests::aggregates_repeated_predictions_with_median_vote_and_weights ... ok
test aggregation::tests::exclude_outliers_aggregates_sample_predictions_to_unit ... ok
test aggregation::tests::refuses_target_group_aggregation_without_relation_units ... ok
test aggregation::tests::aggregates_sample_predictions_to_target_and_group_units ... ok
test aggregation::tests::validates_custom_sample_to_group_aggregation_controller_result ... ok
test aggregation::tests::sample_unit_aggregation_preserves_explicit_ports_and_legacy_absence ... ok
test bundle::tests::d9_negative_prediction_cache_refuses_missing_aggregated_unit_ids ... ok
test aggregation::tests::aggregation_controller_result_and_output_are_closed_in_serde_and_schema ... ok
test bundle::tests::prediction_cache_payload_schema_policy_rejects_unsupported_versions ... ok
test bundle::tests::prediction_cache_payload_format_enforces_port_family ... ok
test bundle::tests::prediction_cache_keeps_label_and_probability_ports_separate ... ok
test bundle::tests::aggregated_prediction_cache_keeps_ports_separate ... ok
test bundle::tests::prediction_caches_key_repeated_validation_rows_by_fold_and_unit ... ok
test bundle::tests::prediction_level_wire_absent_parses_as_sample_but_serialization_stays_explicit ... ok
test archive_workspace::tests::empty_cache_synthesis_requires_a_bundle_and_graph_proof_of_no_oof_dependency ... ok
test bundle::tests::methods_hpo_resume_state_round_trips_and_rejects_orphan_or_score_drift ... ok
test bundle::tests::refit_artifact_validation_checks_portable_artifact_metadata ... ok
test bundle::tests::execution_bundle_v1_json_rejects_null_conformal_member ... ok
test bundle::tests::methods_hpo_parent_identity_requires_v2_state_and_lowercase_sha256 ... ok
test bundle::tests::schema_migration_policy_is_explicit_and_refuses_implicit_migrations ... ok
test bundle::tests::rejects_unsupported_bundle_schema_version ... ok
test bundle::tests::replay_request_requires_predict_explain_or_refit_phase ... ok
test bundle::tests::rejects_bundle_with_scores_plan_id_mismatch ... ok
test bundle::tests::aggregated_prediction_cache_contracts_preserve_unit_ids ... ok
test bundle::tests::resampled_oof_universe_contains_only_observed_validation_samples ... ok
test bundle::tests::builds_bundle_from_execution_plan ... ok
test bundle::tests::bundle_data_requirements_accept_d7_replay_contracts ... ok
test bundle::tests::replay_envelopes_must_match_bundle_requirements ... ok
test canonical::tests::all_tags_and_big_endian_lengths_are_explicit ... ok
test bundle::tests::separation_concat_merge_rejects_incomplete_coverage ... ok
test canonical::tests::bounded_payload_parser_checks_node_count_during_parsing ... ok
test bundle::tests::bundle_artifact_params_follow_selected_generation_variant ... ok
test bundle::tests::branch_merge_bundle_links_selected_refits_and_fold_aligned_oof_caches ... ok
test canonical::tests::golden_map_order_preimage_and_digest ... ok
test canonical::tests::historical_stable_json_fingerprint_does_not_drift ... ok
test canonical::tests::integer_and_binary64_tokens_remain_distinct ... ok
test canonical::tests::integer_bounds_are_lexical_and_exact ... ok
test bundle::tests::prediction_requirements_are_typed_and_validate_against_oof_edges ... ok
test campaign::tests::campaign_fingerprint_is_stable_and_sensitive ... ok
test bundle::tests::separation_concat_merge_rejects_missing_branch_edge ... ok
test bundle::tests::separation_concat_merge_bundle_assembles_and_is_scored ... ok
test canonical::tests::frozen_binary64_boundary_vectors ... ok
test canonical::tests::lowercase_hex_matches_formatter_for_every_byte ... ok
test bundle::tests::separation_concat_merge_rejects_partial_cache_coverage ... ok
test canonical::tests::parser_and_encoder_enforce_the_nesting_limit ... ok
test canonical::tests::serde_json_preserves_the_tcv1_binary64_round_trip ... ok
test canonical::tests::signed_zero_normalizes_only_within_binary64_kind ... ok
test canonical::tests::strict_parser_rejects_invalid_documents ... ok
test canonical::tests::borrowed_self_fingerprint_matches_independent_nested_oracle ... ok
test canonical::tests::borrowed_self_fingerprint_retains_depth_and_domain_checks ... ok
test canonical::tests::self_fingerprint_omits_exactly_one_normalized_key ... ok
test canonical::tests::ascii_and_unicode_normalization_share_collision_checks ... ok
test canonical::tests::nfc_normalizes_strings_and_keys ... ok
test canonical::tests::programmatic_values_receive_the_same_safety_checks ... ok
test canonical::tests::object_order_uses_normalized_utf8_not_utf16 ... ok
test bundle::tests::methods_hpo_resume_state_rejects_unknown_and_duplicate_json_members ... ok
test bundle::tests::separation_concat_merge_rejects_overlapping_partitions ... ok
test chain_effect::tests::percentile_ranks_average_ties ... ok
test chain_effect::tests::role_mapping_is_exhaustive_and_correct ... ok
test chain_effect::tests::percentile_ranks_treats_signed_zero_as_tie ... ok
test chain_effect::tests::median_handles_odd_and_even ... ok
test chain_effect::tests::z_scores_center_and_handle_zero_variance ... ok
test chain_effect::tests::preserves_repeated_ordered_tokens ... ok
test chain_effect::tests::rank_lens_normalizes_per_dataset ... ok
test chain_effect::tests::from_json_rejects_bad_schema_id_and_version ... ok
test chain_effect::tests::rejects_invalid_input ... ok
test chain_effect::tests::validate_rejects_inconsistent_goodness_and_baseline ... ok
test chain_effect::tests::raw_lens_keeps_oriented_score ... ok
test bundle::tests::bundle_selections_must_match_plan_and_refit_artifacts ... ok
test conformal::tests::exact_rank_matches_frozen_standard_coverages ... ok
test conformal::tests::exact_rank_avoids_naive_binary64_boundary_drift ... ok
test conformal::tests::exact_rank_exercises_the_u128_power_of_ten_boundary ... ok
test conformal::tests::finite_metric_mean_keeps_w0_sequential_sum_rounding ... ok
test conformal::tests::decimal_endpoints_reject_a_radius_below_the_point_ulp ... ok
test conformal::tests::exact_rank_handles_binary64_extremes_and_sample_limit ... ok
test conformal::tests::decimal_endpoints_accept_independently_rounded_non_collapsed_intervals ... ok
test conformal::tests::decimal_endpoints_match_w0_instead_of_binary64_intermediate_arithmetic ... ok
test conformal::tests::application_rejects_bad_shape_status_order_and_overflow ... ok
test conformal::tests::calibration_covers_odd_even_ties_and_small_n ... ok
test conformal::tests::frozen_w0_unsorted_residual_quantiles_match ... ok
test conformal::tests::marginal_and_joint_max_calibration_are_distinct ... ok
test conformal::tests::invalid_coverages_and_residual_matrices_are_rejected ... ok
test conformal::tests::metrics_reject_invalid_shapes_bounds_and_nonfinite_truth ... ok
test conformal::tests::midpoint_is_stable_for_subnormal_and_extreme_bounds ... ok
test conformal::tests::finite_metric_means_do_not_overflow_when_the_mean_is_representable ... ok
test conformal::tests::joint_radius_expands_to_every_prediction_target ... ok
test conformal::tests::decimal_endpoints_preserve_signed_zero_and_minimum_subnormal ... ok
test chain_effect::tests::published_fixture_matches_contract ... ok
test chain_effect::tests::round_trips_and_emits_wire_field_names ... ok
test conformal::tests::multi_coverage_application_is_nested_and_preserves_midpoints ... ok
test conformal::tests::frozen_w0_prediction_blocks_and_metrics_match ... ok
test conformal::tests::finite_metrics_match_marginal_and_joint_w0_semantics ... ok
test conformal::tests::unbounded_metrics_keep_coverage_and_tag_measurements_unavailable ... ok
test controller::tests::manifest_rejects_empty_operator_selector ... ok
test controller::tests::manifest_rejects_training_phases_for_inference_only_controller ... ok
test controller::tests::equal_priority_requires_explicit_controller ... ok
test controller::tests::equal_priority_operator_selector_matches_are_ambiguous ... ok
test controller::tests::manifest_rejects_prediction_output_without_capability ... ok
test controller::tests::explicit_controller_id_disambiguates ... ok
test controller::tests::manifest_reports_parallel_invocation_support ... ok
test canonical::tests::ascii_strings_preserve_every_byte_and_tcv1_length ... ok
test controller::tests::manifest_requires_configurable_loss_for_specialized_loss_capabilities ... ok
test controller::tests::registry_resolves_lowest_priority_manifest ... ok
test controller::tests::registry_infers_operator_kind_from_alias_selector ... ok
test controller::tests::operator_selector_matches_plain_class_basename_alias ... ok
test controller::tests::operator_selector_prefers_specific_controller_over_generic ... ok
test controller::tests::operator_selector_matches_class_prefix ... ok
test controller::tests::manifest_rejects_invalid_model_input_spec_data_requirements ... ok
test controller::tests::manifest_validates_model_input_spec_data_requirements ... ok
test controller::tests::registry_refuses_cross_kind_alias_inference ... ok
test controller::tests::selector_only_controller_does_not_catch_unmatched_operator ... ok
test conformal_runtime::tests::presentation_round_trips_and_refuses_resigned_interval_tampering ... ok
test controller_adapter::tests::meta_model_specialization_overrides_ports_and_caps ... ok
test controller_adapter::tests::generic_template_for_unmapped_kind_validates ... ok
test controller_adapter::tests::host_supplied_data_requirements_take_precedence_over_synthesis ... ok
test controller_adapter::tests::port_override_with_unknown_representation_skips_synthesis ... ok
test controller_adapter::tests::prediction_join_template_matches_merge_concat ... ok
test controller_adapter::tests::prediction_join_has_no_data_requirements ... ok
test controller_adapter::tests::representation_type_id_maps_frozen_registry_ids ... ok
test conformal_runtime::tests::presentation_v2_round_trips_multitarget_guarantee_and_refuses_tampering ... ok
test controller_adapter::tests::minimal_json_descriptor_applies_defaults ... ok
test controller_adapter::tests::derive_rejects_override_that_violates_capability_invariant ... ok
test controller_adapter::tests::model_template_emits_prediction_and_artifact_ports ... ok
test controller_adapter::tests::port_override_with_known_representation_resyncs_data_requirements ... ok
test controller_adapter::tests::host_controller_spec_round_trips_through_json ... ok
test controller_adapter::tests::model_template_synthesizes_tabular_data_requirements ... ok
test controller_adapter::tests::transform_template_matches_bridge_manifest ... ok
test controller_adapter::tests::derive_propagates_validation_failure_for_empty_version ... ok
test controller_adapter::tests::selector_specialization_outranks_generic_in_registry ... ok
test controller_adapter::tests::train_only_data_operator_templates_declare_their_ports ... ok
test controller_adapter::tests::y_transform_synthesizes_target_data_requirements ... ok
test controller_adapter::tests::y_transform_template_targets_y_ports ... ok
test conformal_runtime::tests::calibration_preserves_non_binary_coverage_fingerprint ... ok
test conformal_runtime::tests::calibration_round_trips_and_application_preserves_replay_ids ... ok
test controller_adapter::tests::synthesized_requirements_keep_legacy_bytes_and_sorted_manifest_roundtrip ... ok
test criteria::tests::executable_payloads_and_nfc_colliding_parameters_are_rejected ... ok
test conformal_runtime::tests::calibration_refuses_order_and_tamper ... ok
test criteria::tests::local_descriptor_serializes_only_an_opaque_registry_key ... ok
test controller_registry::tests::refuses_invalid_yaml ... ok
test criteria::tests::empty_unversioned_and_tampered_loss_specs_are_rejected ... ok
test controller_registry::tests::refuses_yaml_that_validates_to_an_inconsistent_manifest ... ok
test controller_registry::tests::parses_minimal_yaml_manifest ... ok
test criteria::tests::reduction_and_input_capabilities_are_consistent ... ok
test conformal_runtime::tests::v2_context_is_required_and_interval_bounds_close_over_points ... ok
test criteria::tests::loss_resolution_uses_declared_priority_and_never_falls_back_on_incompatibility ... ok
test criteria::tests::semantic_reference_rejects_wrong_kind_or_fingerprint ... ok
test data::tests::data_plan_rejects_forward_step_references ... ok
test criteria::tests::versioned_ids_are_canonical_decimal_without_an_artificial_width_limit ... ok
test criteria::tests::one_descriptor_contract_binds_loss_and_metric_without_merging_semantics ... ok
test data::tests::augmented_refit_prediction_policy_requires_augmented_fit_scope ... ok
test data::tests::data_view_policy_rejects_unsafe_fit_and_validation_augmentation_by_default ... ok
test data::tests::augmented_cv_train_prediction_policy_requires_augmented_fit_scope_and_opt_in ... ok
test data::tests::data_view_policy_requires_explicit_unsafe_flags_for_debug_views ... ok
test data::tests::external_data_envelope_content_identity_is_additive_and_validated ... ok
test criteria::tests::built_in_catalogs_are_versioned_and_self_fingerprinted ... ok
test criteria::tests::roles_keep_training_loss_and_metric_policy_distinct ... ok
test data::tests::in_memory_provider_refuses_unknown_envelope ... ok
test data::tests::in_memory_provider_materializes_validated_data_handles ... ok
test data::tests::in_memory_provider_attests_complete_training_identity ... ok
test criteria::tests::built_in_metric_fingerprints_preserve_published_040_contracts ... ok
test data::tests::partial_data_view_policy_preserves_default_augmented_train_scope ... ok
test data::tests::in_memory_provider_registration_is_idempotent_for_same_envelope ... ok
test data::tests::refit_test_view_opt_in_preserves_default_wire_and_requires_identities ... ok
test data::tests::predict_cohort_refuses_noncanonical_identity_and_inference_targets ... ok
test data::tests::refuses_envelope_fingerprint_mismatch ... ok
test data::tests::external_test_predict_cohort_refuses_cv_origin_alias ... ok
test data::tests::external_test_predict_cohort_is_disjoint_from_cv_identity_closure ... ok
test data::tests::external_data_envelope_v2_closes_predict_cohort_identity ... ok
test data::tests::in_memory_provider_exposes_predict_cohort_only_to_predict ... ok
test criteria::tests::strict_json_rejects_duplicate_keys_before_deserialization ... ok
test data::tests::representation_plan_validates_cartesian_and_monte_carlo_contracts ... ok
test data::tests::stack_representations_validate_cardinality_and_mask_policy ... ok
test data::tests::representation_compatibility_report_enforces_missingness_policy ... ok
test data::tests::refuses_unsupported_external_data_envelope_schema_version ... ok
test data::tests::predict_cohort_constructor_derives_closed_identity_from_relations ... ok
test criteria::tests::early_stopping_record_is_fingerprinted_and_task_scoped ... ok
test data::tests::validates_data_binding_contract ... ok
test data::tests::validates_external_data_envelope_subset ... ok
test dsl::generation::generated_merge_model_tests::generated_merge_model_refuses_colliding_remapped_port_owners ... ok
test data::tests::validates_multisource_repetition_envelope_fixture ... ok
test data::tests::validates_model_input_and_data_plan_fixtures ... ok
test dsl::named_nd_tests::native_named_admission_rejects_mismatched_type_rank_rgb_channels_and_shape_budget ... ok
test dsl::named_nd_tests::swapping_image_axes_changes_native_variant_identity_even_at_equal_flat_width ... ok
test dsl::tests::compact_param_generators_reject_invalid_counts ... ok
test dsl::tests::compiles_active_subsequence_only_generation_choice ... ok
test dsl::generation::generated_merge_model_tests::generated_merge_model_remaps_ordered_sources_ports_and_selectors_only_when_local ... ok
test data::tests::representation_replay_manifest_round_trips_and_validates ... ok
test dsl::tests::artifact_contains_campaign_template_without_split_graph_nodes ... ok
test data::tests::d9_golden_multisource_repetition_manifests_validate ... ok
test dsl::tests::compiles_branch_merge_predictions_plus_original_dsl ... ok
test dsl::tests::compiles_branch_feature_merge_into_downstream_model ... ok
test dsl::tests::compiles_linear_pipeline_dsl_to_valid_graph ... ok
test dsl::tests::compiles_coordinated_generation_dimensions ... ok
test dsl::tests::compiles_generation_constraints_and_prunes_variants ... ok
test dsl::tests::compiles_nirs4all_shape_changing_and_tuning_surface ... ok
test dsl::tests::compiles_runtime_data_generation_as_external_generator_node ... ok
test dsl::tests::compile_operator_variant_models_populates_variant_labels ... ok
test dsl::tests::compiles_pipeline_dsl_unit_contracts_to_graph_interface ... ok
test dsl::tests::compiles_nirs4all_style_multi_model_branch_and_separate_merge ... ok
test dsl::tests::compiles_cartesian_generator_as_explicit_prediction_choices ... ok
test dsl::tests::compiles_tuner_as_external_prediction_node ... ok
test dsl::tests::constrained_operator_all_pruned_is_an_error ... ok
test dsl::tests::constrained_operator_unknown_ref_is_rejected ... ok
test dsl::tests::constrained_cartesian_count_truncates_post_prune_survivors ... ok
test dsl::tests::compiles_sequential_filter_and_or_generator_surface ... ok
test dsl::tests::compiles_separation_branch_view_plans ... ok
test dsl::tests::constrained_cartesian_exclude_prunes_to_three ... ok
test dsl::tests::constrained_operator_colon_branch_id_resolves_member ... ok
test dsl::tests::constrained_or_pick_count_truncates_post_prune_survivors ... ok
test dsl::tests::constrained_or_pick_combined_mutex_and_exclude_prunes_to_four ... ok
test dsl::named_nd_tests::named_fixed_io_representations_preserve_full_contract_in_native_graph ... ok
test dsl::tests::constrained_or_pick_exclude_prunes_to_five ... ok
test criteria::tests::early_stopping_record_rejects_wrong_role_values_and_scope ... ok
test dsl::tests::constrained_or_pick_mutex_group_of_three_keeps_subsets ... ok
test dsl::tests::constrained_or_pick_multi_requires_split_pairs_prune_like_legacy ... ok
test dsl::tests::compat_does_not_fuse_following_tail_bearing_generator ... ok
test dsl::tests::compat_pipeline_preserves_campaign_and_model_inner_cv ... ok
test dsl::tests::dsl_absent_inner_cv_leaves_campaign_and_nodes_unset ... ok
test dsl::tests::dsl_model_step_inner_cv_maps_to_node_metadata ... ok
test dsl::tests::constrained_or_pick_prunes_to_one ... ok
test dsl::tests::compat_lowers_or_pick_constraints ... ok
test dsl::tests::constrained_or_pick_mutex_pair_prunes_to_five ... ok
test dsl::tests::extracts_shape_plans_into_compiled_artifact ... ok
test dsl::tests::extracts_node_param_variants_into_generation_spec ... ok
test dsl::tests::constrained_or_pick_requires_prunes_to_four ... ok
test dsl::tests::compat_merge_model_collapse_preserves_inner_cv ... ok
test dsl::tests::dsl_top_level_inner_cv_maps_to_campaign_template ... ok
test dsl::tests::fan_out_requires_relations_in_envelope ... ok
test dsl::tests::fan_out_rejects_merge_inside_auto_separation_template ... ok
test dsl::tests::leaves_explicit_and_unmarked_branches_untouched ... ok
test dsl::tests::merge_model_can_reuse_earlier_prediction_producers_in_declared_order ... ok
test dsl::tests::fan_out_errors_when_no_partition_values_discovered ... ok
test dsl::tests::merge_model_ordered_sources_retain_branch_selection_scope ... ok
test dsl::tests::fan_out_rejects_generation_override_collision_with_explicit_clone ... ok
test dsl::tests::fans_out_by_tag_into_one_branch_per_sorted_tag ... ok
test dsl::tests::merge_model_compiles_per_branch_probability_selector ... ok
test dsl::tests::fan_out_clones_top_level_data_bindings_per_branch ... ok
test dsl::tests::fans_out_by_metadata_into_one_branch_per_sorted_value ... ok
test dsl::tests::log_range_generation_is_deterministic_and_range_grid_unaffected ... ok
test dsl::tests::fan_out_rewrites_generation_override_on_fanned_node ... ok
test dsl::tests::operator_variant_label_matches_pinned_host_contract ... ok
test dsl::tests::merge_selector_explicit_models_stay_inside_branch_scope ... ok
test dsl::tests::merge_selectors_reject_unknown_branch_and_missing_metric ... ok
test dsl::tests::operator_variant_label_preserves_numeric_value_forms ... ok
test dsl::tests::fan_out_is_deterministic_byte_identical ... ok
test dsl::tests::merge_model_routes_explicit_auxiliary_prediction_ports_without_changing_primary_oof ... ok
test dsl::tests::operator_variant_label_sorts_nested_operator_and_parameter_objects ... ok
test dsl::tests::operator_variant_model_empty_without_operator_generators ... ok
test dsl::tests::expands_compact_param_generators_into_generation_dimensions ... ok
test dsl::tests::operator_variant_model_rejects_nested_generator ... ok
test dsl::tests::operator_variant_model_validate_rejects_stray_active_nodes_key ... ok
test dsl::tests::operator_variant_model_validate_rejects_duplicate_active_subsequence ... ok
test dsl::tests::parses_bare_tuner_alias_as_tuner_node ... ok
test dsl::tests::parses_compat_runtime_generation_step ... ok
test dsl::tests::refuses_augmentation_without_shape_plan ... ok
test dsl::tests::parses_nirs4all_minimal_aliases_plain_classes_and_split_chain ... ok
test dsl::tests::log_range_generator_compiles_and_plans_through_json_roundtrip ... ok
test dsl::tests::operator_variant_model_excludes_phantom_container_nodes ... ok
test dsl::tests::parses_nirs4all_range_attached_to_following_model ... ok
test dsl::tests::parses_compat_tuner_minimal_alias_and_wrappers ... ok
test dsl::tests::merge_selectors_reject_top_k_above_scope ... ok
test dsl::tests::parses_nirs4all_compat_feature_branch_merge_dict ... ok
test dsl::tests::parses_nirs4all_named_step_wrapper_and_plain_class_model ... ok
test dsl::tests::refuses_coordinated_generation_for_unknown_node ... ok
test dsl::tests::prediction_feature_merge_before_residual_keeps_the_data_edge ... ok
test dsl::tests::refuses_branch_without_prediction_or_data_output ... ok
test dsl::tests::refuses_data_binding_for_unknown_or_non_data_port ... ok
test dsl::tests::refuses_separation_branch_without_selector ... ok
test dsl::tests::refuses_data_generation_without_shape_plan ... ok
test dsl::tests::refuses_generator_choice_without_prediction_output ... ok
test dsl::tests::source_models_keep_their_target_transform_in_predictor_closure ... ok
test dsl::tests::refuses_unsafe_shape_plan_from_dsl ... ok
test dsl::tests::residual_merge_model_compiles_native_base_learner_fusion_graph ... ok
test fold::tests::fold_validation_rejects_overlap ... ok
test fold::tests::fold_local_keeps_structural_leakage_checks ... ok
test fold::tests::fold_validation_rejects_partial_group_maps ... ok
test error::tests::descriptor_json_is_stable_json_payload ... ok
test error::tests::error_code_packs_category_and_code ... ok
test error::tests::invalid_identifier_descriptor_carries_taxonomy_and_context ... ok
test error::tests::oof_leakage_descriptor_preserves_report_context ... ok
test fold::tests::group_kfold_keeps_groups_out_of_train_validation_overlap ... ok
test fold::tests::nested_cv_validation_refuses_inner_sample_from_outer_validation ... ok
test dsl::tests::registry_reclassifies_non_heuristic_minimal_aliases_before_compile ... ok
test fold::tests::nested_cv_validation_refuses_leak_hidden_in_fold_members ... ok
test fold::tests::nested_fold_set_binds_inner_evidence_to_its_outer_fold ... ok
test fold::tests::kfold_is_deterministic_and_covers_samples_once ... ok
test fold::tests::nested_fold_sets_inherit_the_parent_train_exclusion ... ok
test fold::tests::resolve_inner_cv_prefers_node_over_campaign ... ok
test fold::tests::resampled_mode_allows_non_oof_validation_but_still_blocks_leakage ... ok
test fold::tests::nested_kfold_inner_folds_are_subset_of_outer_train ... ok
test fold::tests::shared_fold_set_fixture_fingerprint_is_locked ... ok
test fold::tests::nested_cv_spec_json_shape_is_stable ... ok
test fold::tests::stratified_kfold_is_oof_safe_and_balances_classes ... ok
test dsl::tests::model_terminated_constrained_or_pick_mutex_lowers_native_with_model_tail ... ok
test fold::tests::fold_set_fingerprint_is_independent_of_ordering ... ok
test fold::tests::stratified_kfold_rejects_missing_label ... ok
test fold::tests::train_exclusion_default_serializes_byte_identically_and_fold_local_round_trips ... ok
test fold::tests::stratified_kfold_singleton_classes_leave_no_empty_fold ... ok
test generation::tests::choice_cannot_set_both_param_overrides_and_active_subsequence ... ok
test generation::tests::choice_rejects_empty_active_subsequence ... ok
test generation::random_generation_subset_tests::seeded_subset_preserves_native_constraints_and_shapes ... ok
test generation::tests::constraint_cartesian_exclude_prunes_one_of_four ... ok
test generation::tests::constraint_prunes_to_one ... ok
test generation::tests::constraint_combined_mutex_and_exclude ... ok
test generation::tests::cartesian_generation_is_deterministic_and_fingerprinted ... ok
test generation::tests::constraint_exclude_prunes_pair ... ok
test generation::tests::constraint_all_pruned_is_an_error ... ok
test generation::tests::constraint_mutex_group_of_three_forbids_only_full_co_occurrence ... ok
test generation::tests::constraint_mutex_prunes_pair ... ok
test generation::tests::constraint_unknown_choice_is_rejected ... ok
test fold::tests::outer_oof_is_not_safe_training_evidence_for_an_outer_fold_meta_model ... ok
test generation::tests::constraint_requires_prunes ... ok
test generation::tests::constraints_absent_keep_spec_byte_identical ... ok
test generation::tests::constraints_require_a_strategy ... ok
test generation::tests::default_generation_produces_base_variant ... ok
test generation::tests::generation_respects_variant_limit ... ok
test generation::tests::zip_generation_requires_same_choice_count ... ok
test generation::tests::variant_rejects_conflicting_param_overrides ... ok
test graph::tests::explicit_broadcast_allows_sample_to_observation_edge ... ok
test graph::tests::rejects_missing_edge_endpoint ... ok
test graph::tests::rejects_cycles ... ok
test generation::tests::variant_applies_node_param_overrides ... ok
test graph::tests::rejects_oof_contract_on_non_prediction_edge ... ok
test fold::tests::nested_stratified_cv_uses_only_outer_training_labels_and_balances_inner_folds ... ok
test graph::tests::computes_deterministic_parallel_levels ... ok
test graph::tests::relation_aware_edge_requires_alignment_key ... ok
test graph::tests::rejects_unit_mismatch_without_explicit_broadcast ... ok
test graph::tests::relation_aware_edge_requires_relation_fingerprint ... ok
test hpo::tests::default_build_refuses_before_any_native_or_host_work ... ok
test hpo::tests::methods_n4mm_abi_contract_is_capability_derived_and_fail_closed ... ok
test hpo::tests::historical_n4mopt_defaults_to_first_implemented_abi_and_new_writer_emits_it ... ok
test hpo::tests::restored_ledger_accepts_only_one_ulp_score_drift_after_tcv1_projection ... ok
test hpo::tests::checkpoint_rejects_oversize_before_native_decoder ... ok
test ids::tests::accepts_pipeline_style_node_ids ... ok
test ids::tests::rejects_ambiguous_ids ... ok
test graph::tests::validates_simple_graph ... ok
test hpo::tests::search_space_digest_is_canonical_and_order_sensitive ... ok
test methods_classification::tests::classifier_hessian_and_design_bounds_are_exact_and_overflow_safe ... ok
test methods_classification::tests::classifier_matrix_bounds_cover_raw_and_ordered_meta_before_allocation ... ok
test hpo::tests::campaign_provenance_is_recursive_order_and_resume_budget_independent ... ok
test methods_fold_hpo::tests::scoped_relation_table_preserves_identity_authority_and_refuses_origin_leakage ... ok
test methods_fold_hpo::tests::scoped_relation_table_retains_exclusions_and_group_authority ... ok
test controller_registry::tests::loads_directory_in_deterministic_order ... ok
test archive_workspace::tests::empty_cache_synthesis_refuses_a_resigned_oof_fixture_with_cleared_bundle_arrays ... ok
test methods_classification::tests::classifier_components_and_typed_labels_refuse_before_execution ... ok
test methods_classification::tests::classifier_oof_join_rejects_permuted_columns_and_foreign_recipe ... ok
test methods_phase_controls::tests::atomic_scale_has_real_native_flags_and_separate_refit_controls ... ok
test methods_phase_controls::tests::constructor_and_controls_refuse_aliases_and_nonexecuted_keys ... ok
test controller_registry::tests::rejects_duplicate_controller_ids ... ok
test methods_phase_controls::tests::hpo_v2_is_closed_and_boolean_categories_cannot_be_numeric_aliases ... ok
test methods_classification::tests::unsafe_classifier_axes_and_forced_counts_refuse_before_optimizer_callbacks ... ok
test methods_phase_controls::tests::public_contract_resolves_dsl_reference_and_canonical_object_only ... ok
test methods_phase_controls::tests::snv_sg_recipe_keeps_interp_and_closed_constructor_bounds ... ok
test methods_classification::tests::effective_only_classifier_parallelism_refuses_rmse_before_all_callbacks ... ok
test metric_provider::tests::custom_metric_registry_executes_and_reduces_provider_values ... ok
test dsl::tests::parses_nirs4all_compat_pipeline_and_fuses_data_generators ... ok
test methods_classification::tests::signed_targets_cannot_hide_missing_inner_classes_or_test_vocabulary ... ok
test metric_provider::tests::registry_rejects_descriptor_substitution_even_with_same_registry_key ... ok
test methods_multimodal::tests::raw_member_binding_and_closed_state_are_required ... ok
test metric_provider::tests::task_rejects_custom_metric_without_objective ... ok
test methods_multimodal::tests::selected_parameters_are_bound_to_the_complete_recipe ... ok
test metric_provider::tests::built_in_registry_uses_existing_metric_kernel_and_per_output_reduction ... ok
test metric_provider::tests::provider_result_rejects_nonfinite_wrong_scope_coverage_and_fingerprint ... ok
test controller_registry::tests::skips_files_that_are_not_controller_yaml ... ok
test methods_classification::tests::classifier_dsl_declares_both_real_outputs_and_reserved_oof_is_not_a_label_alias ... ok
test metric_provider::tests::public_task_and_result_apis_reject_mutation_and_preserve_error_order ... ok
test metrics::tests::accuracy_and_balanced_accuracy_match_sklearn_on_imbalanced_classification ... ok
test metrics::tests::masked_targets_refuse_group_scoring_and_merge_aggregation ... ok
test metrics::tests::metric_objectives_match_selection_direction ... ok
test metrics::tests::masked_target_contract_rejects_shape_nonfinite_and_unobserved_output ... ok
test metrics::tests::cross_fold_balanced_accuracy_pools_oof_and_matches_sklearn ... ok
test metrics::tests::constant_target_r2_is_finite_and_deterministic ... ok
test metrics::tests::reassemble_merge_targets_complete_coverage_emits_ordered_block ... ok
test metrics::tests::reassemble_merge_targets_empty_map_is_unscored_none ... ok
test metrics::tests::reassemble_merge_targets_partial_coverage_is_validation_error ... ok
test metrics::tests::refuses_duplicate_and_non_finite_sample_predictions ... ok
test metrics::tests::refuses_metric_alignment_and_contract_mismatches ... ok
test metrics::tests::score_set_round_trips_validates_and_rejects_duplicates ... ok
test metric_provider::tests::externally_registered_builtin_descriptor_keeps_all_result_guards ... ok
test metrics::tests::masked_oof_preserves_identity_masks_and_ignores_hidden_conflicts ... ok
test metrics::tests::absent_and_all_observed_masks_preserve_original_scores_and_wire_contract ... ok
test metrics::tests::provider_adapter_preserves_display_target_names_with_spaces ... ok
test methods_classification::tests::fixed_classifier_plans_validate_exact_native_grouped_scopes_and_order ... ok
test multimodal_replay_inputs::schema_tests::coordinates_do_not_collapse_distinct_large_integers ... ok
test multimodal_replay_inputs::schema_tests::raw_sources_reject_invalid_containers_and_missing_names_without_panicking ... ok
test n4m_roles::tests::abi_2_14_parameter_keys_do_not_change_derivation ... ok
test n4m_roles::tests::derived_manifests_carry_role_ports_phases_and_state ... ok
test metrics::tests::weighted_f1_matches_sklearn_multiclass_oracle ... ok
test n4m_roles::tests::every_graph_role_gets_one_controller_with_its_methods ... ok
test n4m_roles::tests::manifest_drift_and_same_kind_role_overlap_are_refused ... ok
test observability::tests::helpers_emit_without_subscriber ... ok
test observability::tests::allowlist_contains_no_data_bearing_field ... ok
test n4m_roles::tests::multi_role_method_resolves_by_node_kind_and_refuses_minimal_alias ... ok
test oof::tests::aligns_oof_by_sample_id_not_position ... ok
test oof::tests::joins_fold_blocks_by_producer_for_campaigns ... ok
test oof::tests::oof_join_large_campaign_under_1500ms ... ignored, perf sanity probe; run with --release --ignored --nocapture
test oof::tests::producer_oof_coverage_accepts_disjoint_folds ... ok
test oof::tests::fold_validation_rejects_wrong_validation_partition_samples ... ok
test oof::tests::mean_missing_policy_accepts_only_attested_complete_finite_oof ... ok
test oof::tests::producer_oof_coverage_ignores_non_validation_blocks ... ok
test oof::tests::producer_oof_coverage_requested_universe_is_exact ... ok
test oof::tests::producer_oof_coverage_resampled_allows_multiply_validated_sample ... ok
test oof::tests::producer_oof_coverage_resampled_requires_at_least_once_coverage ... ok
test oof::tests::producer_oof_coverage_resampled_still_rejects_within_block_duplicate ... ok
test oof::tests::rejects_train_predictions_as_training_features ... ok
test oof::tests::producer_oof_coverage_rejects_cross_fold_duplicate_sample ... ok
test oof::tests::stacking_coverage_contract_counts_unique_oof_ids_and_enforces_minimum ... ok
test oof::tests::stacking_oof_refit_contract_cv_only_skips_without_oof ... ok
test oof::tests::stacking_oof_refit_contract_rejects_invalid_oof_even_with_skip_policy ... ok
test oof::tests::stacking_oof_refit_contract_rejects_partial_without_policy ... ok
test oof::tests::rejects_duplicate_samples ... ok
test oof::tests::stacking_oof_refit_contract_allows_full_coverage ... ok
test oof::tests::stacking_oof_refit_contract_skips_incomplete_when_explicit ... ok
test oof::tests::uc11_fixture_refuses_train_predictions ... ok
test oof::tests::validate_content_rejects_duplicate_sample_id ... ok
test oof::tests::validate_content_passes_valid_block_unchanged ... ok
test oof::tests::validate_content_rejects_non_finite_values ... ok
test oof::tests::uc6_fixture_joins_successfully ... ok
test plan::tests::branch_view_lookup_helpers_match_by_branch_id_and_innermost_path ... ok
test plan::tests::build_execution_plan_large_linear_graph_under_1500ms ... ignored, perf sanity probe; run with --release --ignored --nocapture
test metrics::tests::scores_sample_predictions_and_exports_candidate_metrics ... ok
test metrics::tests::scores_target_and_group_prediction_blocks ... ok
test plan::tests::build_execution_plan_lowers_dsl_inner_cv_metadata_into_node_plan ... ok
test metrics::tests::train_fold_ensembles_join_overlapping_training_ids_without_selection_leakage ... ok
test plan::tests::build_execution_plan_consumes_controller_data_requirements_for_bindings ... ok
test plan::tests::build_execution_plan_accepts_source_concat_with_source_index ... ok
test plan::tests::build_execution_plan_rejects_semantically_invalid_dsl_inner_cv ... ok
test plan::tests::build_execution_plan_rejects_binding_representation_outside_data_requirements ... ok
test metrics::tests::multiclass_oof_average_scores_attested_class_distributions ... ok
test plan::tests::build_execution_plan_rejects_binding_registered_type_outside_data_requirements ... ok
test plan::tests::build_execution_plan_rejects_malformed_dsl_inner_cv_metadata ... ok
test plan::tests::build_execution_plan_rejects_source_concat_without_source_index ... ok
test plan::tests::by_source_branch_allows_single_source_fit_from_multisource_binding ... ok
test plan::tests::build_execution_plan_rejects_multisource_binding_without_data_requirements ... ok
test plan::tests::by_source_branch_refuses_multi_source_selector_shape ... ok
test plan::tests::builds_execution_plan_with_shape_and_fold_contracts ... ok
test archive_workspace::tests::role_wrapper_refuses_unknown_schema_identity_recipe_and_state ... ok
test plan::tests::inner_cv_is_declarable_at_campaign_and_node_level ... ok
test metrics::tests::held_out_test_ensembles_use_matching_fold_validation_scores ... ok
test plan::tests::params_fingerprint_pins_serde_json_binary64_spelling ... ok
test plan::tests::planning_refuses_generation_override_for_unknown_node ... ok
test plan::tests::planning_refuses_shape_plan_for_unknown_node ... ok
test plan::tests::planning_refuses_oof_edge_without_controller_capabilities ... ok
test plan::tests::parallel_controller_capability_validation_requires_safe_manifest ... ok
test plan::tests::execution_plan_validate_rejects_invalid_node_local_inner_cv ... ok
test plan::tests::execution_plan_external_reader_preserves_typed_serde_compatibility ... ok
test plan::tests::planning_refuses_raw_prediction_sibling_port_into_fitting_node ... ok
test plan::tests::planning_validates_declared_search_space_fingerprint ... ok
test archive_workspace::tests::octave_role_plugin_requires_both_exact_controller_owners ... ok
test plan::tests::execution_plan_external_reader_rejects_positional_struct_sequences ... ok
test archive_workspace::tests::python_role_plugin_requires_both_exact_controller_owners ... ok
test metrics::tests::held_out_classification_aligns_probabilities_and_never_averages_labels ... ok
test metrics::tests::multiclass_probability_scores_use_argmax_without_changing_stacking_feature ... ok
test plan::tests::validate_rejects_forged_graph_fingerprint_field ... ok
test plan::tests::validate_rejects_forged_controller_fingerprint_field ... ok
test plan::tests::validate_rejects_forged_campaign_fingerprint_field ... ok
test plan::tests::validate_rejects_forged_input_adjacency ... ok
test policy::grouping_index_tests::indexed_groups_match_scan_and_preserve_lazy_errors_for_every_sample ... ok
test plan::tests::validate_rejects_stale_campaign_fingerprint_after_campaign_mutation ... ok
test plan::tests::validate_rejects_manifest_keyed_under_foreign_controller_id ... ok
test plan::tests::validate_rejects_node_plan_keyed_under_foreign_node_id ... ok
test policy::tests::augmentation_policy_requires_explicit_unsafe_flags_for_leaky_sample_augmentation ... ok
test policy::tests::custom_aggregation_requires_controller_spec ... ok
test policy::tests::observation_split_requires_explicit_unsafe_policy ... ok
test policy::tests::reduction_plan_validates_weight_controller_and_task_contracts ... ok
test plan::tests::validate_rejects_node_plan_kind_that_differs_from_graph_node ... ok
test policy::tests::repeated_measurements_default_to_sample_level_aggregation ... ok
test plan::tests::validate_rejects_node_plan_controller_version_that_diverges_from_manifest ... ok
test plan::tests::validate_rejects_stale_controller_fingerprint_after_manifest_mutation ... ok
test policy::tests::shape_delta_requires_a_real_fingerprint_change ... ok
test plan::tests::validate_rejects_topological_order_that_omits_a_node ... ok
test policy::tests::shape_plan_validates_feature_and_selection_audit_contracts ... ok
test policy::tests::supervised_selection_must_fit_on_fold_train ... ok
test policy::tests::weighted_aggregation_requires_explicit_weight_policy ... ok
test plan::tests::validate_rejects_node_plan_supported_phases_that_diverge_from_manifest ... ok
test plan::tests::validate_rejects_node_plans_not_covering_graph_node_set ... ok
test public_robustness::tests::frozen_scenarios_fail_closed ... ok
test plan::tests::validate_rejects_stale_graph_fingerprint_after_graph_mutation ... ok
test metrics::tests::masked_scores_observed_cells_per_target_and_macro_without_dropping_rows ... ok
test python_torch_profile::tests::learning_rate_domains_and_forced_values_remain_finite_and_bounded ... ok
test methods_multimodal::tests::selected_modalities_bind_full_raw_schemas_and_immutable_base_recipe ... ok
test python_torch_profile::tests::real_torch_controls_are_closed_and_work_bounds_are_checked_without_fitting ... ok
test relation::tests::augmentation_origin_cannot_cross_train_validation_boundary ... ok
test relation::tests::combo_components_cannot_cross_sample_boundary ... ok
test relation::tests::asymmetric_multisource_repetitions_and_combo_validate_as_relations ... ok
test relation::tests::excluded_bit_changes_fingerprint_but_only_when_true ... ok
test relation::tests::relation_validation_rejects_invalid_new_fields ... ok
test relation::tests::relation_fingerprint_is_order_stable_and_provenance_sensitive ... ok
test relation::tests::repeated_observations_validate_at_physical_sample_split_unit ... ok
test relation::tests::repeated_observations_validate_at_sample_split_unit ... ok
test provenance::tests::research_provenance_export_refuses_unknown_lineage_controller ... ok
test relation::tests::relation_contracts_reject_unknown_fields_at_every_nesting_level ... ok
test replay::methods_hpo_resume_state_tests::methods_hpo_resume_state_reader_refuses_tampered_schema_version ... ok
test relation::tests::target_split_refuses_shared_target_across_fold_boundary ... ok
test replay::methods_hpo_resume_state_tests::methods_hpo_resume_state_reader_refuses_unknown_legacy_and_noncanonical_json ... ok
test relation::tests::metadata_and_tags_change_fingerprint_but_only_when_non_empty ... ok
test relation::tests::old_relation_json_defaults_to_observation_unit ... ok
test provenance::tests::research_provenance_export_refuses_mismatched_artifact_manifest ... ok
test replay::replay_identity_tests::replay_content_identity_keeps_legacy_v1_content ... ok
test replay::replay_identity_tests::replay_identity_permits_an_unlabeled_predict_cohort_without_a_sentinel ... ok
test replay::replay_identity_tests::replay_schema_version_is_v3_for_target_bound_and_target_free_cohorts ... ok
test replay::replay_identity_tests::replay_identity_rejects_a_resigned_target_fingerprint_tamper ... ok
test rng::tests::derives_stable_streams ... ok
test replay::replay_identity_tests::replay_content_identity_uses_actual_v2_calibration_and_unlabeled_inference ... ok
test provenance::tests::research_provenance_export_refuses_unknown_lineage_node ... ok
test runtime::data_provider_bootstrap::tests::data_provider_bootstrap_refuses_unsupported_scope_before_callback ... ok
test runtime::artifact::native_predictor_descriptor_tests::pipeline_descriptor_is_additive_and_keeps_historical_json_shape ... ok
test runtime::artifact::native_predictor_descriptor_tests::pure_descriptor_validation_rejects_controller_algorithm_capability_and_dimension_spoofs ... ok
test provenance::tests::research_provenance_export_contains_prov_and_ro_crate_contracts ... ok
test provenance::tests::research_provenance_package_contains_contract_files_and_checksums ... ok
test provenance::tests::research_provenance_package_validation_refuses_tampered_file ... ok
test runtime::dataview::envelope_attested_provider_tests::methods_pls_predict_content_profile_matches_the_python_reference_vector ... ok
test runtime::dataview::envelope_attested_provider_tests::envelope_attested_provider_rejects_rendered_key_collisions ... ok
test runtime::dataview::envelope_attested_provider_tests::envelope_attested_provider_requires_exact_envelope_coverage ... ok
test runtime::dataview::envelope_attested_provider_tests::methods_pls_request_allows_target_free_predict_but_not_training ... ok
test runtime::dataview::envelope_attested_provider_tests::provider_view_identity_tracks_selected_data_not_estimator_or_trial ... ok
test runtime::dataview::envelope_attested_provider_tests::envelope_attested_provider_refuses_unattested_binding_before_delegation ... ok
test runtime::dataview::envelope_attested_provider_tests::envelope_attested_provider_preserves_target_free_predict_envelopes ... ok
test runtime::dataview::envelope_attested_provider_tests::envelope_attested_provider_delegates_and_returns_exact_attestations ... ok
test runtime::dataview::envelope_attested_provider_tests::envelope_attested_provider_marks_incomplete_envelope_as_non_training ... ok
test runtime::dataview::envelope_attested_provider_tests::methods_pls_predict_provider_binds_x_only_rows_to_the_envelope ... ok
test runtime::dataview::envelope_attested_provider_tests::envelope_attested_provider_refuses_substituted_or_non_predict_cohorts ... ok
test plan::tests::named_nd_inputs::named_native_plans_refuse_incompatible_graph_controller_and_binding_representations ... ok
test runtime::explain_contract_tests::validates_well_formed_explanation ... ok
test runtime::explain_contract_tests::rejects_empty_target_name ... ok
test runtime::explain_contract_tests::rejects_empty_method ... ok
test runtime::host_hpo::tests::fold_reduction_is_not_global_oof_and_honors_metric_direction ... ok
test runtime::explain_contract_tests::round_trips_through_json ... ok
test runtime::host_hpo::tests::objective_identity_ignores_resume_controls_and_json_object_order ... ok
test plan::tests::named_nd_inputs::named_signal_image_series_and_table_build_and_roundtrip_native_plans ... ok
test runtime::host_hpo::tests::checkpoint_json_object_order_preserves_legacy_seal_and_rejects_content_tamper ... ok
test runtime::dataview::envelope_attested_provider_tests::envelope_attested_provider_delegates_opted_in_refit_test_companion ... ok
test runtime::scoring::global_oof_tests::global_oof_aggregation_refuses_conflicting_truth_inside_one_target ... ok
test methods_multimodal::tests::complete_transport_owners_bind_exact_declared_profile ... ok
test runtime::data_provider_bootstrap::tests::data_provider_bootstrap_propagates_failures_and_rejects_invalid_handles ... ok
test runtime::scoring::independent_unit_score_tests::indexed_statistical_scoring_keeps_missing_and_conflicting_unit_refusals ... ok
test runtime::data_provider_bootstrap::tests::data_provider_bootstrap_executes_once_and_fingerprints_recipe_not_ephemeral_handle ... ok
test methods_multimodal::tests::structural_declarations_refuse_partial_mutated_and_legacy_numeric_profiles ... ok
test provenance::tests::openlineage_export_uses_validated_research_package ... ok
test provenance::tests::research_provenance_package_validation_reopens_exported_contracts ... ok
test runtime::stacking::capacity_tests::capacity_kfold_fails_before_fit_when_budget_cannot_meet_hint ... ok
test runtime::host_hpo_structural::topology::tests::catalogue_v1_wire_and_fingerprint_preimage_are_unchanged ... ok
test runtime::tests::all_observations_fit_scope_is_explicit_and_visible_in_cv_and_refit_views ... ok
test runtime::tests::aggregated_oof_edge_rejects_relation_level_train_validation_overlap ... ok
test runtime::tests::artifact_ref_rejects_invalid_portable_metadata ... ok
test runtime::host_hpo_structural::topology::tests::topology_parallel_profile_requires_exact_resource_and_build_admission ... ok
test runtime::tests::artifact_ref_validate_portable_rejects_unsafe_uris_and_legacy ... ok
test runtime::scoring::global_oof_tests::global_oof_vote_reduces_a_target_after_cross_fold_reassembly ... ok
test runtime::tests::artifact_ref_validates_portable_metadata ... ok
test runtime::scoring::independent_unit_score_tests::refit_scope_report_uses_real_scope_ids_and_does_not_invent_predictions ... ok
test runtime::stacking::capacity_tests::capacity_kfold_resolves_from_actual_nested_fit_scopes ... ok
test runtime::scoring::independent_unit_score_tests::classification_votes_real_labels_without_reducing_probability_feature_columns ... ok
test runtime::tests::browser_hpo_worker_window_is_phase_bounded_and_checkpoint_keyed ... ok
test archive_workspace::tests::mixed_classifier_and_regression_inventory_retains_exact_declared_profiles ... ok
test runtime::host_hpo_structural::topology::tests::classifier_catalogue_refuses_parallel_rmse_even_with_a_regression_plan ... ok
test runtime::tests::by_metadata_and_by_tag_branch_selectors_reach_the_provider_view_spec ... ok
test runtime::scoring::independent_unit_score_tests::repeated_observations_score_equal_independent_units_and_keep_sample_features ... ok
test runtime::tests::by_source_data_view_uses_branch_source_ids ... ok
test runtime::tests::campaign_data_bindings_create_fold_train_views ... ok
test runtime::tests::campaign_data_bindings_require_unsafe_flags_for_full_train_cv_views ... ok
test runtime::tests::campaign_scheduler_expands_variants_and_cv_folds ... ok
test runtime::tests::campaign_refit_captures_emitted_artifact_handles ... ok
test runtime::host_hpo_structural::topology::tests::topology_pca_capacity_uses_native_inner_train_and_pruning_refuses_upfront ... ok
test runtime::tests::campaign_refit_data_bindings_create_full_train_views ... ok
test runtime::tests::captured_validation_y_true_is_realigned_to_prediction_sample_order ... ok
test runtime::tests::captured_masked_targets_realign_masks_with_sample_ids ... ok
test runtime::tests::capture_variant_validation_predictions_realigns_shuffled_fold_targets ... ok
test runtime::tests::columnar_prediction_cache_block_round_trips_multi_target_rows ... ok
test runtime::tests::collect_input_handles_forwards_only_declared_source_ports ... ok
test runtime::tests::bundle_replay_rejects_missing_artifact_unsupported_phase_and_bad_envelope ... ok
test runtime::tests::combine_validation_targets_rejects_conflicting_ground_truth ... ok
test runtime::tests::collect_input_handles_predict_uses_only_the_suffixed_off_fold_port ... ok
test runtime::tests::collect_input_handles_masks_only_the_exact_oof_source_port_in_training ... ok
test runtime::tests::bundle_replay_invokes_predict_with_data_and_refit_artifact_handles ... ok
test runtime::tests::columnar_prediction_cache_block_round_trips_aggregated_units ... ok
test runtime::scoring::independent_unit_score_tests::group_scoring_preserves_partial_truth_without_averaging_or_fabricating_labels ... ok
test runtime::tests::concat_merge_errors_when_a_nonempty_fold_has_no_branch_inputs ... ok
test runtime::tests::controller_emitted_aggregated_block_must_match_policy_level ... ok
test runtime::tests::concat_merge_rejects_mixed_variant_blocks_in_one_context ... ok
test runtime::tests::concat_merge_rejects_overlapping_branch_predictions ... ok
test runtime::tests::cross_fold_validation_reports_rejects_cross_variant_mixed_oof ... ok
test runtime::tests::coordinator_relations_required_but_unresolved_is_refused ... ok
test runtime::tests::columnar_prediction_cache_store_loads_and_materializes_oof_payloads ... ok
test runtime::tests::concat_merge_reassembles_disjoint_branch_oof_into_full_universe ... ok
test runtime::host_hpo_structural::topology::tests::topology_catalogue_resolves_early_two_four_branches_and_active_node_axes ... ok
test runtime::tests::browser_hpo_worker_fold_stops_before_next_fold ... ok
test runtime::tests::custom_aggregation_dispatch_requires_controller_capability ... ok
test runtime::tests::d9_negative_controller_lacking_fit_influence_capability_is_rejected ... ok
test runtime::tests::data_provider_view_spec_propagates_branch_view_validation ... ok
test runtime::scoring::independent_unit_score_tests::indexed_statistical_scoring_preserves_reports_with_unselected_relations ... ok
test runtime::tests::data_view_extra_carries_source_index_metadata ... ok
test runtime::tests::data_provider_view_validates_typed_output_provenance ... ok
test runtime::tests::data_bindings_require_runtime_provider_and_materialize_handles ... ok
test runtime::tests::cv_augmented_train_predictions_are_fold_declared_and_never_oof ... ok
test runtime::tests::equal_sample_influence_emits_per_row_weights_without_aggregation_weights ... ok
test runtime::tests::exclusion_is_sample_local_across_relation_rows ... ok
test runtime::tests::d9_fit_influence_diagnostic_must_match_runtime_task_warnings ... ok
test runtime::tests::data_edges_propagate_fold_views_from_data_producing_nodes ... ok
test runtime::tests::feature_axes_are_validated_and_carried_to_source_views ... ok
test runtime::tests::empty_partition_intersection_can_raise_a_clear_error ... ok
test runtime::tests::feature_partition_join_restores_fold_identity_and_rejects_mismatched_inputs ... ok
test runtime::host_hpo_structural::topology::tests::topology_declared_bindings_and_sinks_refuse_ambiguity_or_unknown_nodes ... ok
test runtime::tests::fanned_out_branches_each_fit_cv_only_their_partition ... ok
test runtime::tests::empty_partition_intersection_is_skipped_with_no_silent_miscoverage ... ok
test runtime::tests::auxiliary_prediction_port_matches_primary_cohort_and_does_not_score ... ok
test runtime::tests::fit_cv_node_with_inner_cv_carries_inner_fold_set_subset_of_outer_train ... ok
test runtime::tests::fit_cv_refuses_ambiguous_multi_prediction_source_port ... ok
test runtime::tests::fit_cv_test_predictions_require_attested_test_view_and_current_fold ... ok
test runtime::tests::fit_influence_auto_falls_back_with_warning ... ok
test runtime::tests::fit_influence_row_weights_match_post_exclusion_training_spec ... ok
test runtime::tests::fit_influence_strict_requires_weight_support ... ok
test runtime::tests::fit_view_spec_drops_excluded_samples_while_validation_keeps_them ... ok
test runtime::tests::cross_fold_validation_reports_scores_the_oof_average ... ok
test runtime::tests::fold_local_mode_does_not_relax_non_fold_train_fit_reads ... ok
test runtime::tests::fixed_host_hpo_omits_all_new_structural_wire_fields ... ok
test runtime::tests::file_artifact_manifest_refuses_legacy_non_portable_artifacts ... ok
test runtime::tests::fold_local_mode_trains_on_listed_fold_rows_but_refit_still_excludes ... ok
test runtime::tests::fusion_proba_mean_merge_averages_and_renormalizes_class_probabilities ... ok
test runtime::host_hpo_structural::topology::tests::topology_labels_sign_branch_order_and_resealed_derived_tampering_is_refused ... ok
test runtime::tests::host_hpo_bindings_validate_before_callbacks_and_preserve_legacy_wire ... ok
test runtime::tests::host_hpo_durable_cancel_before_first_trial_has_no_fabricated_winner ... ok
test archive_workspace::tests::retained_nonempty_cache_member_keeps_historical_serialization ... ok
test runtime::tests::file_artifact_manifest_round_trips_portable_artifacts ... ok
test methods_multimodal::tests::resigned_wrapper_cannot_change_shape_identity_recipe_or_order ... ok
test runtime::tests::concat_merge_reassembles_and_scores_refit_test_predictions ... ok
test runtime::tests::d9_golden_oof_refit_and_predict_replay_mock_run ... ok
test runtime::tests::file_artifact_manifest_open_refuses_tampered_entries ... ok
test runtime::host_hpo_structural::topology::tests::topology_parallel_admission_precedes_callbacks_and_browser_remains_refused ... ok
test runtime::tests::fusion_merge_averages_and_scores_refit_test_predictions ... ok
test runtime::tests::browser_hpo_worker_window_terminalizes_real_pruned_prefix ... ok
test runtime::tests::browser_hpo_worker_window_reduces_out_of_order_native_results ... ok
test runtime::tests::in_memory_artifact_store_resolves_bundle_artifacts ... ok
test runtime::tests::in_memory_prediction_cache_store_loads_and_materializes_oof_payloads ... ok
test runtime::tests::independent_unit_contract::absent_statistical_contract_keeps_legacy_wire_and_oof_sample_grain ... ok
test runtime::tests::host_hpo_durable_refuses_changed_binding_corruption_and_inconsistent_scores_before_ask ... ok
test runtime::tests::independent_unit_contract::actual_test_cohort_unit_identity_is_attested_and_excluded_rows_are_not_test ... ok
test runtime::tests::host_hpo_parallel_seals_one_batch_manifest_for_success_and_failure ... ok
test runtime::tests::file_prediction_cache_store_round_trips_oof_payloads_and_detects_tampering ... ok
test runtime::tests::independent_unit_contract::equal_unit_weights_follow_selected_scope_order_and_observed_target_counts ... ok
test runtime::tests::independent_unit_contract::fully_observed_regression_scopes_still_carry_native_target_weights ... ok
test runtime::tests::independent_unit_contract::independent_units_refuse_separate_fitting_owners_by_actual_fit_scope ... ok
test runtime::tests::independent_unit_contract::true_nested_inner_unit_leak_refuses_before_any_numerical_callback ... ok
test runtime::tests::make_data_view_handle_refuses_non_data_handle_kind ... ok
test runtime::tests::independent_unit_contract::meta_native_fit_excludes_all_masked_rows_without_shrinking_oof_inputs ... ok
test runtime::tests::independent_unit_contract::unit_truth_missing_class_and_weight_capability_are_preflight_contracts ... ok
test runtime::tests::multi_operator_select_pools_oof_rows_with_branch_scoped_ids ... ok
test runtime::tests::nested_residual_campaign_delivers_only_parent_train_targets ... ok
test runtime::tests::nested_residual_prediction_feature_plan_separates_source_and_base_scopes ... ok
test runtime::tests::nested_stacking_accepts_one_oof_base_producer ... ok
test runtime::tests::nested_stacking_campaign_requires_explicit_marker_and_parent_bound_inner_oof ... ok
test runtime::tests::native_scoring_collects_reports_and_builds_score_set ... ok
test runtime::tests::nested_stacking_then_residual_accepts_dependent_meta_models ... ok
test runtime::tests::node_result_consumption_binds_a_successful_read_to_its_native_receipt ... ok
test runtime::tests::host_hpo_durable_records_failed_trial_and_never_replays_it ... ok
test runtime::tests::node_result_validation_rejects_aggregated_units_outside_validation_view ... ok
test runtime::tests::node_result_validation_rejects_bad_artifact_handles ... ok
test runtime::tests::node_result_validation_rejects_predictions_outside_validation_view ... ok
test runtime::tests::node_result_validation_checks_shape_fingerprints_and_feature_deltas ... ok
test runtime::tests::concat_merge_producer_is_scored_per_fold_and_cross_fold ... ok
test runtime::tests::node_tasks_expose_generation_variant_context ... ok
test runtime::tests::nested_stacking_resampled_refit_has_separate_exact_partitioned_oof ... ok
test runtime::tests::off_fold_fusion_rejects_within_branch_duplicate_sample ... ok
test runtime::tests::node_task_receipt_round_trips_and_refuses_an_unrelated_view ... ok
test runtime::tests::parallel_campaign_refit_captures_emitted_artifact_handles ... ok
test runtime::tests::file_artifact_payload_store_refuses_tampered_payloads ... ok
test runtime::tests::predict_refuses_sibling_prediction_source_port ... ok
test runtime::tests::predict_routes_both_explicit_prediction_ports_from_one_producer ... ok
test runtime::tests::predict_uses_attested_cohort_without_resolving_cv_relations ... ok
test runtime::tests::prediction_availability_contract::entirely_absent_source_has_features_only_and_requires_paired_masks ... ok
test runtime::tests::prediction_availability_contract::full_class_distributions_expand_by_id_without_padding_prediction_blocks ... ok
test archive_workspace::tests::archive_transport_is_independent_of_nested_json_key_order ... ok
test runtime::tests::prediction_availability_contract::native_nested_scopes_preflight_targets_and_classes_before_any_controller ... ok
test runtime::tests::prediction_availability_contract::regression_predictions_do_not_use_heldout_label_validity_as_feature_presence ... ok
test runtime::tests::prediction_availability_contract::off_fold_absence_uses_the_separately_attested_test_or_predict_cohort ... ok
test runtime::tests::prediction_availability_contract::sparse_oof_keeps_exact_native_fold_sample_identity_and_refuses_foreign_or_duplicate_evidence ... ok
test runtime::tests::prediction_feature_specs_join_in_graph_order_by_sample_identity ... ok
test runtime::tests::prediction_feature_views_keep_train_and_outer_validation_separate ... ok
test runtime::tests::fusion_merge_averages_duplication_branch_oof_including_asymmetric_coverage ... ok
test runtime::tests::prune_plan_to_active_elides_merge_meta_and_sibling_choices ... ok
test runtime::tests::refit_fit_view_attests_augmented_resubstitution_opt_in ... ok
test runtime::tests::refit_full_train_universe_excludes_held_out_test_partition ... ok
test runtime::tests::file_artifact_payload_store_validates_payloads_and_materializes_handles ... ok
test runtime::tests::prune_plan_to_active_is_deterministic ... ok
test runtime::tests::refit_oof_accepts_grouped_repeated_aggregation_and_refuses_origin_leakage ... ok
test runtime::tests::refit_oof_cover_is_partition_mode_aware ... ok
test runtime::tests::parallel_scheduler_invokes_independent_level_concurrently ... ok
test runtime::tests::multi_operator_select_scores_each_pruned_combination_and_refits_winner ... ok
test runtime::tests::requires_oof_edge_exact_coverage_is_mandatory_even_without_fold_alignment_flag ... ok
test runtime::tests::requires_oof_prediction_edge_carries_validation_oof_values_in_fit_cv ... ok
test runtime::tests::relations_mode_drops_relation_excluded_samples_from_fold_train_and_refit ... ok
test runtime::tests::requires_oof_prediction_edge_refit_rejects_incomplete_oof_coverage ... ok
test runtime::tests::requires_oof_prediction_edge_refit_cv_only_skips_without_oof ... ok
test runtime::tests::requires_oof_prediction_edge_refit_rejects_missing_validation_predictions ... ok
test runtime::tests::refit_issues_an_attested_external_test_companion_view ... ok
test runtime::tests::requires_oof_prediction_edge_refit_skips_incomplete_oof_when_explicit ... ok
test runtime::tests::requires_oof_prediction_edge_feeds_live_group_units_to_fit_cv_and_refit ... ok
test runtime::tests::requires_oof_prediction_edge_rejects_fold_misalignment ... ok
test runtime::tests::requires_oof_prediction_edge_refit_uses_cv_oof_coverage ... ok
test runtime::tests::requires_oof_prediction_edge_rejects_missing_validation_predictions ... ok
test runtime::tests::runtime_dispatches_custom_observation_aggregation_controller ... ok
test runtime::tests::residual_gate_bundle_records_restore_one_portable_refit_scope ... ok
test runtime::tests::requires_oof_prediction_edge_rejects_train_predictions_as_features ... ok
test runtime::tests::scheduler_extracts_branch_view_from_node_metadata ... ok
test runtime::tests::runtime_dispatches_custom_sample_to_group_aggregation_controller ... ok
test runtime::tests::requires_oof_prediction_edge_supplies_validated_prediction_handle ... ok
test runtime::tests::scheduler_aggregates_observation_predictions_with_custom_controller ... ok
test runtime::tests::host_hpo_provider_factory_keeps_candidate_handles_isolated_across_resume ... ok
test runtime::tests::select_best_operator_variant_from_models_enumerates_multiple_generators ... ok
test runtime::tests::select_best_variant_by_cv_no_targets_returns_none ... ok
test runtime::tests::host_hpo_sequential_prepares_terminal_before_optimizer_tell ... ok
test runtime::tests::prediction_cache_stores_load_and_materialize_aggregated_payloads ... ok
test runtime::tests::refit_merge_consumes_only_test_partition_not_train_or_final ... ok
test runtime::tests::predict_after_refit_in_one_context_picks_final_cleanly ... ok
test runtime::scheduler::hpo_scheduler_tests::hpo_campaign_invokes_registered_session_and_routes_oof_feedback ... ok
test runtime::tests::select_best_variant_by_cv_single_fold_scores_but_no_average_errors ... ok
test runtime::tests::sequential_scheduler_invokes_mock_controllers_in_topological_order ... ok
test runtime::tests::stacking_best_fold_refit_reads_selected_cv_test_block ... ok
test runtime::tests::stacking_best_fold_uses_validation_score_only_and_stable_ties ... ok
test runtime::tests::stacking_best_selector_uses_validation_score_before_meta_fit ... ok
test runtime::tests::stacking_cv_test_input_selects_only_current_fold_and_never_validation ... ok
test runtime::tests::stacking_diverse_fold_candidates_are_ranked_per_operator_class ... ok
test runtime::tests::stacking_fold_candidate_top_k_uses_only_inner_validation_scores ... ok
test runtime::tests::stacking_meta_node_receives_base_test_predictions_in_refit ... ok
test runtime::tests::stacking_probability_selector_reduces_inner_and_outer_inputs_by_identity ... ok
test runtime::tests::stacking_selection_accepts_only_explicit_producers_in_scope ... ok
test runtime::tests::stacking_selection_ignores_test_scores_and_rejects_duplicate_producers ... ok
test archive_workspace::tests::resealed_role_recipe_cannot_override_the_unchanged_effective_plan ... ok
test runtime::tests::off_fold_merge_never_reads_fit_cv_validation_oof ... ok
test runtime::tests::select_best_variant_by_cv_picks_highest_accuracy_variant ... ok
test runtime::tests::structural_host_catalogue_reuses_native_cartesian_ids_labels_and_pruned_graphs ... ok
test runtime::tests::select_best_operator_variant_is_leakage_safe_inactive_choice_writes_no_validation ... ok
test runtime::tests::select_best_operator_variant_stamps_variant_label_on_winner_and_loser_reports ... ok
test runtime::tests::select_best_operator_variant_surfaces_per_variant_validation_predictions ... ok
test runtime::tests::select_best_variant_by_cv_single_variant_returns_that_variant ... ok
test runtime::tests::select_best_variant_by_cv_rejects_multiple_prediction_producers ... ok
test runtime::tests::select_best_operator_variant_runs_both_pruned_candidates_and_picks_winner ... ok
test runtime::tests::select_best_variant_by_cv_picks_lowest_oof_rmse_variant ... ok
test runtime::tests::structural_host_checkpoint_catalogue_and_fixed_profile_refuse_before_ask ... ok
test runtime::tests::structural_host_invalid_proposals_refuse_before_operator_callback ... ok
test runtime::tests::host_hpo_durable_cancel_resume_preserves_old_winner_and_total_budget ... ok
test runtime::tests::structural_host_rejects_resealed_catalogue_order_nodes_labels_and_binding_changes ... ok
test runtime::tests::host_hpo_durable_masked_regression_resumes_with_native_scores_and_unchanged_selection ... ok
test runtime::tests::validate_active_inputs_rejects_a_dangling_prune ... ok
test selection::tests::d9_negative_row_level_metric_cannot_drive_sample_refit ... ok
test selection::tests::grouped_selection_rejects_duplicate_candidate_ids ... ok
test selection::tests::selection_policy_can_require_metric_level ... ok
test selection::tests::selection_policy_echoes_evaluation_and_refit_contracts ... ok
test selection::tests::selects_lowest_metric_with_deterministic_tie_break ... ok
test selection::tests::selects_sklearn_demo_branch_and_merge_variants ... ok
test selection::tests::stacking_fit_contract_guards_oof_reuse_and_combo_reduction ... ok
test source_alignment::tests::aligns_named_sources_by_sample_id_and_required_source_order ... ok
test source_alignment::tests::rejects_missing_extra_and_duplicate_sources_or_samples ... ok
test stable_json::tests::preserves_tagged_and_escaped_serialization_bytes ... ok
test stable_json::tests::recovered_child_errors_preserve_complete_json ... ok
test stable_json::tests::sorts_values_without_changing_struct_order ... ok
test runtime::tests::structural_v1_browser_refuses_native_parallel_descriptor_before_callbacks ... ok
test terminal_prediction::tests::terminal_execution_refuses_provider_cohort_substitution_before_data_access ... ok
test terminal_prediction::tests::terminal_receipt_binds_exact_v2_cohort_and_logical_refit_artifact ... ok
test terminal_prediction::tests::terminal_execution_rejects_observation_output_without_custom_aggregation ... ok
test terminal_prediction::tests::terminal_request_refuses_targetless_v2_inference_cohort ... ok
test terminal_prediction::tests::terminal_receipt_refuses_identity_mismatch_and_aggregation ... ok
test runtime::tests::concat_merge_isolates_per_variant_blocks ... ok
test training::tests::cache_namespace_is_candidate_dataset_fold_trial_and_seed_specific ... ok
test terminal_prediction::tests::terminal_request_refuses_v1_or_v2_without_cohort ... ok
test training::tests::influence_evidence_is_capability_complete_and_relation_closed ... ok
test training::tests::influence_requirement_cannot_claim_a_capability_the_controller_lacks ... ok
test training::tests::influence_capabilities_require_every_fold_and_refit_scope_and_refuse_extra ... ok
test runtime::tests::host_hpo_owns_budget_native_scores_and_selection_without_refit ... ok
test training::tests::namespaced_deep_patch_is_isolated_bijective_and_structural ... ok
test training::tests::output_resolution_rejects_no_output_ambiguity_and_non_prediction_ports ... ok
test training::tests::output_target_and_class_orders_are_semantic_not_lexically_sorted ... ok
test training::tests::output_unit_levels_and_class_vocabularies_match_w0_contract ... ok
test training::tests::patch_tcv1_distinguishes_integer_and_binary64 ... ok
test runtime::tests::typed_parallel_profile_tests::bounded_profile_failure_and_panic_preserve_sibling_terminal_and_drop_owners ... ok
test runtime::tests::host_hpo_parallel_window_overlaps_candidates_and_tells_in_trial_order ... ok
test training::tests::portable_refit_recipe_is_closed_full_only_and_tcv1_attested ... ok
test training::tests::influence_capability_matrix_covers_weights_internal_tuning_and_trained_aggregation ... ok
test training::tests::patch_projection_rejects_namespace_order_duplicates_parent_child_and_arrays ... ok
test training::tests::portable_refit_provenance_requires_a_fresh_target_cohort ... ok
test training::tests::required_nullable_fields_reject_omission_but_accept_explicit_null ... ok
test training::tests::training_options_reject_unknown_fields_and_binary64_integer_substitution ... ok
test training::tests::training_request_from_json_requires_explicit_patch_collections ... ok
test training::tests::parallel_scheduler_is_bound_to_thread_or_process_capabilities ... ok
test training_runtime::replay_phase_tests::completed_refit_full_support_matrix_predict_then_explain ... ok
test training_runtime::replay_phase_tests::completed_refit_missing_artifact_yields_empty ... ok
test training_runtime::replay_phase_tests::completed_refit_predict_only_when_explain_unsupported ... ok
test training_runtime::replay_phase_tests::no_refit_refit_requires_self_contained_oof_payload ... ok
test training_runtime::replay_phase_tests::no_refit_without_oof_edges_is_vacuously_refit ... ok
test training_runtime::replay_phase_tests::no_refit_without_refit_support_yields_empty ... ok
test training_runtime::replay_phase_tests::stateful_non_emitter_without_artifact_cannot_advertise_predict ... ok
test training_runtime::replay_phase_tests::stateless_replay_required_operator_without_artifact_stays_predict_replayable ... ok
test training_runtime::replay_phase_tests::upstream_node_missing_phase_blocks_whole_closure ... ok
test training_runtime::tests::auxiliary_report_levels_do_not_override_selection_target_level ... ok
test training_runtime::tests::cv_ensemble_partition_truth_table_retains_validation_only ... ok
test training_runtime::tests::every_data_identity_must_bind_the_global_relation ... ok
test training_runtime::tests::refit_output_binding_retains_only_unfolded_final_blocks ... ok
test training_runtime::tests::rescoring_accepts_rounding_but_rejects_changed_metrics_and_nonfinite_values ... ok
test training::tests::projection_strict_parsers_reject_duplicate_and_nfc_colliding_keys ... ok
test training::tests::training_request_rejects_duplicate_rendered_data_requirement_keys ... ok
test runtime::tests::select_best_variant_for_target_ignores_better_sibling_port ... ok
test training::tests::portable_required_artifact_mode_rejects_host_only_controller ... ok
test training::tests::training_request_projects_identically_for_refit_on_and_off ... ok
test training::tests::selection_output_metric_matrix_is_explicit ... ok
test methods_classification::tests::ordinary_raw_and_meta_plans_refuse_the_actual_logistic_hessian ... ok
test runtime::tests::structural_host_worker_plans_are_pruned_and_validate_before_execution ... ok
test runtime::tests::independent_terminal_meta_nodes_keep_distinct_report_grade_oof ... ok
test runtime::tests::parallel_campaign_scheduler_stress_matches_sequential_across_variants_and_folds ... ok
test runtime::tests::structural_host_worker_pruning_scores_the_recipe_target_per_fold ... ok
test runtime::tests::structural_host_cv_scores_each_selected_target_and_resume_keeps_history ... ok
test runtime::tests::independent_unit_group_select_preserves_the_declared_port_and_refuses_another_port ... ok
test runtime::tests::structural_host_parallel_and_sequential_factories_return_identical_native_evidence ... ok
test runtime::tests::structural_source_subsets::source_catalogue_owns_three_stage_order_pruning_and_model_only_axes ... ok
test runtime::tests::structural_source_subsets::source_worker_window_retains_each_selected_target_and_fixed_selector_params ... ok
test runtime::tests::typed_parallel_profile_tests::bounded_profile_joins_partial_windows_and_resumes_after_cancellation ... ok
test archive_workspace::tests::role_and_mixed_transport_preserve_exact_package_and_raw_closure ... ok
test runtime::tests::structural_source_subsets::source_subset_columns_and_layout_have_distinct_native_identity_contracts ... ok
test runtime::tests::structural_source_subsets::source_search_dispatches_only_selected_source_chain_and_model_once_per_fold ... ok
test runtime::tests::structural_source_subsets::source_catalogue_checkpoint_refuses_reordered_or_rebound_columns_before_callbacks ... ok
test runtime::tests::dependent_stacking_executes_parent_bound_oof_at_both_levels ... ok
test runtime::tests::host_hpo_bindings_route_nested_stacking_and_resume_without_replaying ... ok

test result: ok. 835 passed; 0 failed; 2 ignored; 0 measured; 0 filtered out; finished in 2.42s


running 14 tests
test labeled_generator_values_keep_the_documented_syntax_and_preserve_extra_keys ... ok
test hpo_space_bounds_are_checked_without_loading_the_native_optimizer ... ok
test native_hpo_ties_use_trial_numbers_and_ordinary_candidates_stay_lexical ... ok
test compat_fusion_lookahead_does_not_duplicate_split_side_effects ... ok
test lineage_duplicate_errors_preserve_the_original_record ... ok
test resampling_can_omit_an_origin_pair_from_an_individual_fold ... ok
test augmented_rows_need_origins_but_self_origin_observations_remain_valid ... ok
test nested_cv_refuses_group_erasure_and_retains_group_boundaries ... ok
test generation_refuses_the_cartesian_product_before_materialization ... ok
test operator_pick_range_is_bounded_before_collecting_sizes ... ok
test integer_ranges_are_integer_parameters_and_log_bounds_are_exact ... ok
test graph_cardinality_rejects_duplicate_edges_but_external_inputs_are_valid ... ok
test deserialized_plans_refuse_swapped_folds_variants_seeds_and_bindings ... ok
test repeated_class_predictions_vote_without_inventing_a_new_class ... ok

test result: ok. 14 passed; 0 failed; 0 ignored; 0 measured; 0 filtered out; finished in 0.04s


running 9 tests
test structural_labels_preserve_absent_optional_children ... ok
test structural_labels_ignore_only_typed_dsl_node_ids ... ok
test structural_labels_keep_opaque_semantic_ids ... ok
test literal_digest_suffixes_do_not_alias_encoded_generator_namespaces ... ok
test lossy_sanitization_keeps_distinct_generator_namespaces ... ok
test host_hpo_requires_an_explicit_signed_objective_identity ... ok
test single_input_manifests_reject_concrete_fan_in_but_many_and_legacy_accept_it ... ok
test changing_a_variant_prefix_does_not_bypass_identity_validation ... ok
test adaptive_trials_bind_their_seed_fingerprint_choices_and_trial_identity ... ok

test result: ok. 9 passed; 0 failed; 0 ignored; 0 measured; 0 filtered out; finished in 0.04s


running 5 tests
test interval_application_rejects_independent_unrepresentable_golden ... ok
test calibration_matches_independent_w0_golden ... ok
test metrics_match_independent_w0_golden_bit_for_bit ... ok
test exact_rank_matches_independent_python_decimal_golden ... ok
test interval_application_matches_independent_w0_golden ... ok

test result: ok. 5 passed; 0 failed; 0 ignored; 0 measured; 0 filtered out; finished in 0.01s


running 0 tests

test result: ok. 0 passed; 0 failed; 0 ignored; 0 measured; 0 filtered out; finished in 0.00s


running 4 tests
test maximized_classifier_rank_is_native_and_finite ... ok
test invalid_rank_is_refused_without_discarding_or_reranking_candidates ... ok
test old_omitted_rank_remains_winner_only_and_omitted_on_wire ... ok
test native_requested_rank_retains_complete_ranking_and_original_scores ... ok

test result: ok. 4 passed; 0 failed; 0 ignored; 0 measured; 0 filtered out; finished in 0.01s


running 5 tests
test residual_fusion_aligns_rows_by_sample_and_rejects_missing_learner_rows ... ok
test residual_gate_uses_only_sample_keyed_oof_and_matches_legacy_formula ... ok
test residual_targets_reject_train_predictions_and_fold_identity_mismatch ... ok
test residual_targets_average_repeated_validation_before_subtraction ... ok
test residual_targets_join_by_sample_id_in_foldset_order ... ok

test result: ok. 5 passed; 0 failed; 0 ignored; 0 measured; 0 filtered out; finished in 0.00s


running 44 tests
test identifiers_controllers_diagnostics_and_store_are_prevalidated ... ok
test native_methods_hpo_refuses_legacy_free_resume_fields ... ok
test native_methods_hpo_fails_closed_without_the_local_methods_overlay ... ok
test native_methods_hpo_refuses_a_non_v1_search_space_before_overlay_preflight ... ok
test native_training_refuses_methods_hpo_before_provider_data_work ... ok
test divergent_selected_rerun_is_rejected ... ok
test late_output_failure_does_not_commit_artifacts ... ok
test native_training_refuses_unexposed_or_structural_parameter_patches ... ok
test native_training_rejects_missing_or_leaking_controller_influence_before_controllers ... ok
test classification_selection_is_native_when_columns_are_coherent ... ok
test completed_refit_stateful_non_emitter_without_artifact_derives_empty ... ok
test completed_refit_stateless_replay_required_node_needs_no_artifact ... ok
test native_training_persists_runtime_derived_influence_evidence ... ok
test native_training_materializes_operator_parameter_patches_before_execution ... ok
test gpu_resources_are_forwarded_unchanged_to_every_training_task ... ok
test partial_predictor_closure_and_legacy_multi_prediction_ports_fail_closed ... ok
test provider_identity_and_relation_mismatches_fail_before_controllers ... ok
test d8_training_outcome_exports_loadable_host_sidecar_package ... ok
test explicit_selection_output_controls_multi_producer_ranking ... ok
test loaded_stacking_predict_recomputes_fresh_cohort_without_training_cache ... ok
test explicit_multi_prediction_port_output_binds_requested_port_only ... ok
test calibration_attachment_rejects_development_relation_authority_with_disjoint_extra_rows ... ok
test re_signed_plan_topology_and_adjacency_drift_are_rejected ... ok
test native_calibration_refuses_training_cohort_reuse ... ok
test outcome_rejects_selection_score_rank_and_producer_drift ... ok
test oof_refit_without_prediction_cohort_retains_explicit_artifact_only_binding ... ok
test generic_raw_training_exports_and_validates_payloads_without_methods_feature ... ok
test stacking_cache_retention_and_discard_are_both_explicit ... ok
test unsupported_options_are_never_silently_ignored ... ok
test d8_loaded_predictor_replays_predict_without_source_training_outcome ... ok
test attached_training_replay_explain_emits_explanations_without_outputs ... ok
test refit_outcome_rejects_forged_replay_claims_even_when_resigned ... ok
test parallel_threads_matches_sequential_selection_and_lineage ... ok
test public_replay_outcome_refuses_training_markers_and_empty_prediction_payload ... ok
test cv_ensemble_excludes_non_validation_fit_cv_blocks_and_refit_stays_final ... ok
test attached_training_replay_predict_rebinds_current_cohort_without_mutating_source ... ok
test native_training_enforces_controller_influence_capability_scopes ... ok
test nested_group_oof_refit_lineage_retains_exact_signed_inner_runs_after_reload ... ok
test oof_refit_test_binding_revalidates_exact_disjoint_cohort_after_reload ... ok
test portable_package_replays_all_named_outputs_and_only_explicit_selection ... ok
test native_training_refit_and_no_refit_are_deterministic_and_auditable ... ok
test calibration_attachment_rejects_missing_ambiguous_and_forged_origin_authority ... ok
test singleton_training_retains_one_cv_execution_per_fold_and_exports_complete_state ... ok
test loaded_v2_conformal_package_replays_intervals_and_rejects_resigned_tampering ... ok

test result: ok. 44 passed; 0 failed; 0 ignored; 0 measured; 0 filtered out; finished in 3.87s


running 0 tests

test result: ok. 0 passed; 0 failed; 0 ignored; 0 measured; 0 filtered out; finished in 0.00s

