    Checking serde_core v1.0.229
    Checking zmij v1.0.23
    Checking libc v0.2.189
    Checking num-traits v0.2.19
    Checking generic-array v0.14.7
    Checking crc32fast v1.5.1
   Compiling rustversion v1.0.23
    Checking rustix v1.1.5
    Checking io-lifetimes v2.0.4
    Checking thiserror v2.0.21
    Checking zerocopy v0.8.56
    Checking flatbuffers v25.12.19
    Checking snap v1.1.2
   Compiling zstd-sys v2.0.13+zstd.1.5.6
   Compiling n4m v0.4.0
    Checking flate2 v1.1.10
    Checking zopfli v0.8.3
    Checking io-extras v0.18.4
    Checking tracing v0.1.44
    Checking num-integer v0.1.47
    Checking chrono v0.4.45
    Checking num-complex v0.4.6
    Checking block-buffer v0.10.4
    Checking crypto-common v0.1.7
    Checking clap v4.5.53
    Checking anyhow v1.0.104
    Checking getrandom v0.3.4
    Checking getrandom v0.4.3
    Checking digest v0.10.7
    Checking num-bigint v0.5.1
    Checking sha2 v0.10.9
    Checking indexmap v2.13.1
    Checking serde v1.0.229
    Checking serde_ignored v0.1.14
    Checking csv v1.4.0
    Checking serde_spanned v0.6.9
    Checking toml_datetime v0.6.11
   Compiling encoding_rs v0.8.42
    Checking atoi_simd v0.18.1
    Checking serde_json v1.0.151
    Checking rustix-linux-procfs v0.1.1
    Checking fs-set-times v0.20.3
    Checking yaml_serde v0.10.7
    Checking zip v8.6.0
    Checking zip v2.4.2
    Checking tempfile v3.27.0
    Checking serde_yaml v0.9.34+deprecated
    Checking toml_edit v0.22.27
    Checking cap-primitives v3.4.6
    Checking half v2.7.1
    Checking ahash v0.8.12
    Checking dag-ml-data-core v0.2.13
    Checking nirs4all-formats-core v0.2.11
    Checking cap-std v3.4.6
    Checking dag-ml-core v0.3.37
    Checking dag-ml-core v0.3.41 (/home/delete/nirs4all/_worktrees/2026-10-07-dag-metric-validation/crates/dag-ml-core)
    Checking arrow-buffer v59.3.0
    Checking toml v0.8.23
    Checking nirs4all-io-core v0.2.5
    Checking arrow-data v59.3.0
    Checking quick-xml v0.41.0
    Checking codepage v0.1.3
    Checking arrow-array v59.3.0
    Checking calamine v0.36.1
    Checking nirs4all-formats v0.2.11
    Checking arrow-select v59.3.0
    Checking dag-ml-data v0.2.13
    Checking dag-ml-data-provider v0.2.13
   Compiling zstd-safe v7.2.1
    Checking zstd v0.13.3
    Checking arrow-ipc v59.3.0
    Checking parquet v59.3.0
    Checking nirs4all-io v0.2.5
    Checking dag-ml-results v0.3.37
    Checking nirs4all-io-dagml v0.2.5
    Checking dag-ml v0.3.37
    Checking nirs4all v0.4.3
    Finished `dev` profile [unoptimized] target(s) in 1m 04s
   Compiling serde_core v1.0.229
   Compiling encoding_rs v0.8.42
   Compiling zstd-sys v2.0.13+zstd.1.5.6
   Compiling n4m v0.4.0
   Compiling atoi_simd v0.18.1
   Compiling zstd-safe v7.2.1
   Compiling zstd v0.13.3
   Compiling parquet v59.3.0
   Compiling indexmap v2.13.1
   Compiling serde v1.0.229
   Compiling serde_ignored v0.1.14
   Compiling csv v1.4.0
   Compiling codepage v0.1.3
   Compiling quick-xml v0.41.0
   Compiling serde_spanned v0.6.9
   Compiling toml_datetime v0.6.11
   Compiling serde_json v1.0.151
   Compiling yaml_serde v0.10.7
   Compiling zip v8.6.0
   Compiling zip v2.4.2
   Compiling serde_yaml v0.9.34+deprecated
   Compiling toml_edit v0.22.27
   Compiling dag-ml-data-core v0.2.13
   Compiling nirs4all-formats-core v0.2.11
   Compiling calamine v0.36.1
   Compiling dag-ml-core v0.3.37
   Compiling dag-ml-core v0.3.41 (/home/delete/nirs4all/_worktrees/2026-10-07-dag-metric-validation/crates/dag-ml-core)
   Compiling toml v0.8.23
   Compiling nirs4all-io-core v0.2.5
   Compiling nirs4all-formats v0.2.11
   Compiling nirs4all-io v0.2.5
   Compiling dag-ml-results v0.3.37
   Compiling dag-ml-data-provider v0.2.13
   Compiling dag-ml-data v0.2.13
   Compiling nirs4all-io-dagml v0.2.5
   Compiling dag-ml v0.3.37
   Compiling nirs4all v0.4.3
    Finished `test` profile [unoptimized] target(s) in 1m 34s
     Running unittests src/lib.rs (/mnt/c/Temp/n4a-dag041-20261008/target/debug/deps/dag_ml_core-5f0b1f8307a6f1e6)
     Running tests/bug_audit_regressions.rs (/mnt/c/Temp/n4a-dag041-20261008/target/debug/deps/bug_audit_regressions-83677403045913e6)
     Running tests/bug_reaudit_regressions.rs (/mnt/c/Temp/n4a-dag041-20261008/target/debug/deps/bug_reaudit_regressions-c944ca72bdffb016)
     Running tests/conformal_w0_golden.rs (/mnt/c/Temp/n4a-dag041-20261008/target/debug/deps/conformal_w0_golden-de302f1950bd8142)
     Running tests/host_hpo_parallel_browser_refusal.rs (/mnt/c/Temp/n4a-dag041-20261008/target/debug/deps/host_hpo_parallel_browser_refusal-fa1200c5d9d2f03e)
     Running tests/multi_output_ranked_capture.rs (/mnt/c/Temp/n4a-dag041-20261008/target/debug/deps/multi_output_ranked_capture-525d6b68c42d1333)
     Running tests/residual_target_contract.rs (/mnt/c/Temp/n4a-dag041-20261008/target/debug/deps/residual_target_contract-018017ab7a8d9a77)
     Running tests/training_runtime_operation.rs (/mnt/c/Temp/n4a-dag041-20261008/target/debug/deps/training_runtime_operation-86dc11461518bc6a)
   Doc-tests dag_ml_core
