   Compiling proc-macro2 v1.0.107
   Compiling unicode-ident v1.0.24
   Compiling quote v1.0.47
    Checking cfg-if v1.0.4
   Compiling serde_core v1.0.229
    Checking memchr v2.8.3
    Checking once_cell v1.21.4
   Compiling serde v1.0.229
    Checking typenum v1.20.1
    Checking equivalent v1.0.2
    Checking hashbrown v0.16.1
   Compiling version_check v0.9.5
    Checking itoa v1.0.18
   Compiling zmij v1.0.23
   Compiling thiserror v2.0.21
   Compiling serde_json v1.0.151
    Checking cpufeatures v0.2.17
   Compiling libm v0.2.16
   Compiling autocfg v1.5.1
    Checking ryu v1.0.23
    Checking pin-project-lite v0.2.17
   Compiling libc v0.2.189
   Compiling zerocopy v0.8.56
   Compiling find-msvc-tools v0.1.11
    Checking bitflags v2.13.2
    Checking tinyvec_macros v0.1.1
   Compiling shlex v2.0.1
    Checking libyaml-rs v0.3.0
    Checking tracing-core v0.1.36
   Compiling getrandom v0.3.4
   Compiling semver v1.0.28
    Checking tinyvec v1.12.0
    Checking log v0.4.34
    Checking bytes v1.12.1
   Compiling rustc_version v0.4.1
   Compiling generic-array v0.14.7
   Compiling ahash v0.8.12
    Checking iana-time-zone v0.1.65
   Compiling num-traits v0.2.19
    Checking arrow-schema v59.3.0
    Checking aho-corasick v1.1.5
    Checking regex-syntax v0.8.11
    Checking hashbrown v0.17.1
   Compiling rustversion v1.0.23
   Compiling crc32fast v1.5.1
    Checking unicode-normalization v0.1.25
    Checking simd-adler32 v0.3.10
    Checking utf8parse v0.2.2
   Compiling flatbuffers v25.12.19
   Compiling pkg-config v0.3.34
    Checking adler2 v2.0.1
    Checking zlib-rs v0.6.8
    Checking anstyle-parse v0.2.7
    Checking anstyle v1.0.14
    Checking simdutf8 v0.1.5
    Checking miniz_oxide v0.9.1
    Checking is_terminal_polyfill v1.70.2
    Checking anstyle-query v1.1.5
    Checking colorchoice v1.0.5
    Checking strsim v0.11.1
   Compiling heck v0.5.0
    Checking clap_lex v0.7.7
   Compiling anyhow v1.0.104
    Checking hybrid-array v0.4.14
    Checking anstream v0.6.21
    Checking libloading v0.8.9
    Checking alloc-no-stdlib v2.0.4
   Compiling zstd-safe v7.2.1
   Compiling snap v1.1.2
    Checking regex-automata v0.4.18
   Compiling rustix v1.1.5
    Checking twox-hash v2.1.4
    Checking linux-raw-sys v0.12.1
   Compiling io-lifetimes v2.0.4
    Checking alloc-stdlib v0.2.4
    Checking const-oid v0.10.2
    Checking cpufeatures v0.3.1
   Compiling seq-macro v0.3.6
    Checking base64 v0.23.1
    Checking lz4_flex v0.14.0
    Checking clap_builder v4.5.53
    Checking lazy_static v1.5.0
    Checking brotli-decompressor v5.0.1
    Checking bumpalo v3.20.3
    Checking block-buffer v0.12.1
    Checking crypto-common v0.2.2
    Checking sharded-slab v0.1.7
    Checking flate2 v1.1.10
    Checking tracing-log v0.2.0
    Checking zopfli v0.8.3
   Compiling syn v3.0.4
   Compiling syn v2.0.119
    Checking block-buffer v0.10.4
    Checking crypto-common v0.1.7
   Compiling jobserver v0.1.35
    Checking thread_local v1.1.10
    Checking smallvec v1.15.2
   Compiling io-extras v0.18.4
    Checking brotli v8.0.4
    Checking indexmap v2.13.1
    Checking serde_ignored v0.1.14
    Checking nu-ansi-term v0.50.3
    Checking num-integer v0.1.47
    Checking digest v0.10.7
   Compiling cc v1.4.4
    Checking num-complex v0.4.6
    Checking chrono v0.4.45
    Checking digest v0.11.3
    Checking scopeguard v1.2.0
   Compiling cap-primitives v3.4.6
    Checking winnow v0.7.15
    Checking num-bigint v0.5.1
    Checking toml_write v0.1.2
   Compiling multiversion_no_op v1.0.0
    Checking core_detect v1.0.0
    Checking sha2 v0.10.9
    Checking csv-core v0.1.13
   Compiling zip v2.4.2
    Checking sha2 v0.11.0
    Checking ipnet v2.12.2
    Checking ambient-authority v0.0.2
   Compiling cap-std v3.4.6
    Checking maybe-owned v0.3.4
    Checking csv v1.4.0
   Compiling getrandom v0.4.3
    Checking debug_unsafe v0.1.4
    Checking matchers v0.2.0
    Checking regex v1.13.1
    Checking typed-path v0.12.3
   Compiling wasm-bindgen-shared v0.2.129
    Checking byteorder v1.5.0
    Checking same-file v1.0.6
    Checking web-time v1.1.0
    Checking fast-float2 v0.2.4
    Checking uuid v1.26.1
    Checking glob v0.3.4
    Checking fnv v1.0.7
    Checking quick-xml v0.42.0
    Checking unsafe-libyaml v0.2.11
   Compiling nirs4all v0.4.3
    Checking fastrand v2.5.0
    Checking futures-core v0.3.34
    Checking futures-task v0.3.34
    Checking cfb v0.15.0
    Checking slab v0.4.12
    Checking zip v8.6.0
   Compiling encoding_rs v0.8.42
    Checking atoi_simd v0.18.1
   Compiling wasm-bindgen v0.2.129
    Checking futures-util v0.3.34
   Compiling zstd-sys v2.0.13+zstd.1.5.6
   Compiling n4m v0.4.0
   Compiling wasm-bindgen-macro-support v0.2.129
   Compiling zerocopy-derive v0.8.56
   Compiling tracing-attributes v0.1.31
   Compiling clap_derive v4.5.49
    Checking fs-set-times v0.20.3
    Checking rustix-linux-procfs v0.1.1
    Checking tempfile v3.27.0
   Compiling serde_derive v1.0.229
   Compiling thiserror-impl v2.0.21
   Compiling displaydoc v0.2.7
    Checking codepage v0.1.3
    Checking quick-xml v0.41.0
    Checking tracing v0.1.44
    Checking clap v4.5.53
   Compiling wasm-bindgen-macro v0.2.129
    Checking yaml_serde v0.10.7
    Checking tracing-serde v0.2.0
    Checking toml_datetime v0.6.11
    Checking serde_spanned v0.6.9
    Checking dag-ml-data-core v0.2.13
    Checking nirs4all-formats-core v0.2.11
    Checking calamine v0.36.1
    Checking serde_yaml v0.9.34+deprecated
    Checking toml_edit v0.22.27
    Checking tracing-subscriber v0.3.23
    Checking dag-ml-core v0.3.41 (/home/delete/nirs4all/_worktrees/2026-10-07-dag-metric-validation/crates/dag-ml-core)
    Checking dag-ml-core v0.3.37
    Checking nirs4all-formats v0.2.11
    Checking toml v0.8.23
    Checking js-sys v0.3.106
    Checking half v2.7.1
    Checking nirs4all-io-core v0.2.5
    Checking arrow-buffer v59.3.0
    Checking arrow-data v59.3.0
    Checking zstd v0.13.3
    Checking arrow-array v59.3.0
    Checking dag-ml-data v0.2.13
    Checking dag-ml-data-provider v0.2.13
    Checking arrow-select v59.3.0
    Checking arrow-ipc v59.3.0
    Checking wasm-bindgen-futures v0.4.79
    Checking parquet v59.3.0
    Checking nirs4all-io v0.2.5
    Checking dag-ml-results v0.3.37
    Checking dag-ml-results v0.3.41 (/home/delete/nirs4all/_worktrees/2026-10-07-dag-metric-validation/crates/dag-ml-results)
    Checking nirs4all-io-dagml v0.2.5
    Checking dag-ml v0.3.37
    Checking dag-ml-arrow v0.3.41 (/home/delete/nirs4all/_worktrees/2026-10-07-dag-metric-validation/crates/dag-ml-arrow)
    Checking dag-ml-capi v0.3.41 (/home/delete/nirs4all/_worktrees/2026-10-07-dag-metric-validation/crates/dag-ml-capi)
    Checking dag-ml-wasm v0.3.41 (/home/delete/nirs4all/_worktrees/2026-10-07-dag-metric-validation/crates/dag-ml-wasm)
    Checking dag-ml v0.3.41 (/home/delete/nirs4all/_worktrees/2026-10-07-dag-metric-validation/crates/dag-ml)
    Checking dag-ml-cli v0.3.41 (/home/delete/nirs4all/_worktrees/2026-10-07-dag-metric-validation/crates/dag-ml-cli)
    Finished `dev` profile [unoptimized] target(s) in 51.27s
